Component: ARM Compiler 5.05 update 1 (build 106) Tool: armlink [4d0efa]

==============================================================================

Section Cross References

    main.o(i.main) refers to misc.o(i.NVIC_PriorityGroupConfig) for NVIC_PriorityGroupConfig
    main.o(i.main) refers to delay.o(i.delay_init) for delay_init
    main.o(i.main) refers to usart.o(i.uart_init) for uart_init
    main.o(i.main) refers to led.o(i.LED_Init) for LED_Init
    main.o(i.main) refers to bsp_mpu6050_init.o(i.MPU_Init) for MPU_Init
    main.o(i.main) refers to inv_mpu.o(i.mpu_dmp_init) for mpu_dmp_init
    main.o(i.main) refers to inv_mpu.o(i.mpu_dmp_get_data) for mpu_dmp_get_data
    main.o(i.main) refers to bsp_mpu6050_init.o(i.MPU_Get_Temperature) for MPU_Get_Temperature
    main.o(i.main) refers to bsp_mpu6050_init.o(i.MPU_Get_Accelerometer) for MPU_Get_Accelerometer
    main.o(i.main) refers to bsp_mpu6050_init.o(i.MPU_Get_Gyroscope) for MPU_Get_Gyroscope
    main.o(i.main) refers to main.o(i.mpu6050_send_data) for mpu6050_send_data
    main.o(i.main) refers to main.o(i.usart1_report_imu) for usart1_report_imu
    main.o(i.main) refers to stm32f4xx_usart.o(i.USART_SendData) for USART_SendData
    main.o(i.mpu6050_send_data) refers to main.o(i.usart1_niming_report) for usart1_niming_report
    main.o(i.usart1_niming_report) refers to main.o(i.usart1_send_char) for usart1_send_char
    main.o(i.usart1_report_imu) refers to main.o(i.usart1_niming_report) for usart1_niming_report
    main.o(i.usart1_send_char) refers to stm32f4xx_usart.o(i.USART_GetFlagStatus) for USART_GetFlagStatus
    main.o(i.usart1_send_char) refers to stm32f4xx_usart.o(i.USART_SendData) for USART_SendData
    bsp_iic1_init.o(i.IIC_Ack) refers to delay.o(i.delay_us) for delay_us
    bsp_iic1_init.o(i.IIC_Init) refers to stm32f4xx_rcc.o(i.RCC_AHB1PeriphClockCmd) for RCC_AHB1PeriphClockCmd
    bsp_iic1_init.o(i.IIC_Init) refers to stm32f4xx_gpio.o(i.GPIO_Init) for GPIO_Init
    bsp_iic1_init.o(i.IIC_NAck) refers to delay.o(i.delay_us) for delay_us
    bsp_iic1_init.o(i.IIC_Read_Byte) refers to delay.o(i.delay_us) for delay_us
    bsp_iic1_init.o(i.IIC_Read_Byte) refers to bsp_iic1_init.o(i.IIC_NAck) for IIC_NAck
    bsp_iic1_init.o(i.IIC_Read_Byte) refers to bsp_iic1_init.o(i.IIC_Ack) for IIC_Ack
    bsp_iic1_init.o(i.IIC_Send_Byte) refers to delay.o(i.delay_us) for delay_us
    bsp_iic1_init.o(i.IIC_Start) refers to delay.o(i.delay_us) for delay_us
    bsp_iic1_init.o(i.IIC_Stop) refers to delay.o(i.delay_us) for delay_us
    bsp_iic1_init.o(i.IIC_Wait_Ack) refers to delay.o(i.delay_us) for delay_us
    bsp_iic1_init.o(i.IIC_Wait_Ack) refers to bsp_iic1_init.o(i.IIC_Stop) for IIC_Stop
    bsp_mpu6050_init.o(i.MPU_Get_Accelerometer) refers to bsp_mpu6050_init.o(i.MPU_Read_Len) for MPU_Read_Len
    bsp_mpu6050_init.o(i.MPU_Get_Gyroscope) refers to bsp_mpu6050_init.o(i.MPU_Read_Len) for MPU_Read_Len
    bsp_mpu6050_init.o(i.MPU_Get_Temperature) refers to bsp_mpu6050_init.o(i.MPU_Read_Len) for MPU_Read_Len
    bsp_mpu6050_init.o(i.MPU_Get_Temperature) refers to dflt_clz.o(x$fpl$dflt) for __aeabi_i2d
    bsp_mpu6050_init.o(i.MPU_Get_Temperature) refers to ddiv.o(x$fpl$ddiv) for __aeabi_ddiv
    bsp_mpu6050_init.o(i.MPU_Get_Temperature) refers to daddsub_clz.o(x$fpl$dadd) for __aeabi_dadd
    bsp_mpu6050_init.o(i.MPU_Get_Temperature) refers to d2f.o(x$fpl$d2f) for __aeabi_d2f
    bsp_mpu6050_init.o(i.MPU_Init) refers to bsp_iic1_init.o(i.IIC_Init) for IIC_Init
    bsp_mpu6050_init.o(i.MPU_Init) refers to bsp_mpu6050_init.o(i.MPU_Write_Byte) for MPU_Write_Byte
    bsp_mpu6050_init.o(i.MPU_Init) refers to delay.o(i.delay_ms) for delay_ms
    bsp_mpu6050_init.o(i.MPU_Init) refers to bsp_mpu6050_init.o(i.MPU_Set_Gyro_Fsr) for MPU_Set_Gyro_Fsr
    bsp_mpu6050_init.o(i.MPU_Init) refers to bsp_mpu6050_init.o(i.MPU_Set_Accel_Fsr) for MPU_Set_Accel_Fsr
    bsp_mpu6050_init.o(i.MPU_Init) refers to bsp_mpu6050_init.o(i.MPU_Set_Rate) for MPU_Set_Rate
    bsp_mpu6050_init.o(i.MPU_Init) refers to bsp_mpu6050_init.o(i.MPU_Read_Byte) for MPU_Read_Byte
    bsp_mpu6050_init.o(i.MPU_Read_Byte) refers to bsp_iic1_init.o(i.IIC_Start) for IIC_Start
    bsp_mpu6050_init.o(i.MPU_Read_Byte) refers to bsp_iic1_init.o(i.IIC_Send_Byte) for IIC_Send_Byte
    bsp_mpu6050_init.o(i.MPU_Read_Byte) refers to bsp_iic1_init.o(i.IIC_Wait_Ack) for IIC_Wait_Ack
    bsp_mpu6050_init.o(i.MPU_Read_Byte) refers to bsp_iic1_init.o(i.IIC_Read_Byte) for IIC_Read_Byte
    bsp_mpu6050_init.o(i.MPU_Read_Byte) refers to bsp_iic1_init.o(i.IIC_Stop) for IIC_Stop
    bsp_mpu6050_init.o(i.MPU_Read_Len) refers to bsp_iic1_init.o(i.IIC_Start) for IIC_Start
    bsp_mpu6050_init.o(i.MPU_Read_Len) refers to bsp_iic1_init.o(i.IIC_Send_Byte) for IIC_Send_Byte
    bsp_mpu6050_init.o(i.MPU_Read_Len) refers to bsp_iic1_init.o(i.IIC_Wait_Ack) for IIC_Wait_Ack
    bsp_mpu6050_init.o(i.MPU_Read_Len) refers to bsp_iic1_init.o(i.IIC_Stop) for IIC_Stop
[...]
    .ARM.Collect$$rtexit$$00000003           0x08000226   Section        4  rtexit2.o(.ARM.Collect$$rtexit$$00000003)
    .ARM.Collect$$rtexit$$00000004           0x0800022a   Section        6  rtexit2.o(.ARM.Collect$$rtexit$$00000004)
    .text                                    0x08000230   Section       64  startup_stm32f40_41xxx.o(.text)
    $v0                                      0x08000230   Number         0  startup_stm32f40_41xxx.o(.text)
    .text                                    0x08000270   Section        2  use_no_semi_2.o(.text)
    .text                                    0x08000272   Section       72  llsdiv.o(.text)
    .text                                    0x080002bc   Section        0  noretval__2printf.o(.text)
    .text                                    0x080002d4   Section        0  _printf_dec.o(.text)
    .text                                    0x0800034c   Section        0  __printf_flags_wp.o(.text)
    .text                                    0x08000484   Section        0  memcmp.o(.text)
    .text                                    0x080004dc   Section       16  aeabi_memset.o(.text)
    .text                                    0x080004ec   Section        0  heapauxi.o(.text)
    .text                                    0x080004f2   Section        2  use_no_semi.o(.text)
    .text                                    0x080004f4   Section      238  lludivv7m.o(.text)
    .text                                    0x080005e2   Section        0  _rserrno.o(.text)
    .text                                    0x080005f8   Section        0  _printf_intcommon.o(.text)
    .text                                    0x080006ac   Section        0  _printf_char_file.o(.text)
    .text                                    0x080006d0   Section       68  rt_memclr.o(.text)
    .text                                    0x08000714   Section        8  rt_errno_addr_intlibspace.o(.text)
    .text                                    0x0800071c   Section        0  _printf_char_common.o(.text)
    _printf_input_char                       0x0800071d   Thumb Code    10  _printf_char_common.o(.text)
    .text                                    0x0800074c   Section        0  ferror.o(.text)
    .text                                    0x08000754   Section       78  rt_memclr_w.o(.text)
    .text                                    0x080007a4   Section        8  libspace.o(.text)
    .text                                    0x080007ac   Section       74  sys_stackheap_outer.o(.text)
    .text                                    0x080007f6   Section        0  exit.o(.text)
    i.BusFault_Handler                       0x08000802   Section        0  stm32f4xx_it.o(i.BusFault_Handler)
    i.DebugMon_Handler                       0x08000806   Section        0  stm32f4xx_it.o(i.DebugMon_Handler)
    i.GPIO_Init                              0x08000808   Section        0  stm32f4xx_gpio.o(i.GPIO_Init)
    i.GPIO_PinAFConfig                       0x08000898   Section        0  stm32f4xx_gpio.o(i.GPIO_PinAFConfig)
    i.GPIO_SetBits                           0x080008de   Section        0  stm32f4xx_gpio.o(i.GPIO_SetBits)
    i.HardFault_Handler                      0x080008e2   Section        0  stm32f4xx_it.o(i.HardFault_Handler)
    i.IIC_Ack                                0x080008e8   Section        0  bsp_iic1_init.o(i.IIC_Ack)
    i.IIC_Init                               0x08000938   Section        0  bsp_iic1_init.o(i.IIC_Init)
    i.IIC_NAck                               0x08000980   Section        0  bsp_iic1_init.o(i.IIC_NAck)
    i.IIC_Read_Byte                          0x080009d0   Section        0  bsp_iic1_init.o(i.IIC_Read_Byte)
    i.IIC_Send_Byte                          0x08000a3c   Section        0  bsp_iic1_init.o(i.IIC_Send_Byte)
    i.IIC_Start                              0x08000aa4   Section        0  bsp_iic1_init.o(i.IIC_Start)
    i.IIC_Stop                               0x08000af0   Section        0  bsp_iic1_init.o(i.IIC_Stop)
    i.IIC_Wait_Ack                           0x08000b3c   Section        0  bsp_iic1_init.o(i.IIC_Wait_Ack)
    i.LED_Init                               0x08000b9c   Section        0  led.o(i.LED_Init)
    i.MPU_Get_Accelerometer                  0x08000c10   Section        0  bsp_mpu6050_init.o(i.MPU_Get_Accelerometer)
    i.MPU_Get_Gyroscope                      0x08000c60   Section        0  bsp_mpu6050_init.o(i.MPU_Get_Gyroscope)
    i.MPU_Get_Temperature                    0x08000cb0   Section        0  bsp_mpu6050_init.o(i.MPU_Get_Temperature)
    i.MPU_Init                               0x08000d34   Section        0  bsp_mpu6050_init.o(i.MPU_Init)
    i.MPU_Read_Byte                          0x08000dae   Section        0  bsp_mpu6050_init.o(i.MPU_Read_Byte)
    i.MPU_Read_Len                           0x08000de8   Section        0  bsp_mpu6050_init.o(i.MPU_Read_Len)
    i.MPU_Set_Accel_Fsr                      0x08000e5c   Section        0  bsp_mpu6050_init.o(i.MPU_Set_Accel_Fsr)
    i.MPU_Set_Gyro_Fsr                       0x08000e6c   Section        0  bsp_mpu6050_init.o(i.MPU_Set_Gyro_Fsr)
    i.MPU_Set_LPF                            0x08000e7c   Section        0  bsp_mpu6050_init.o(i.MPU_Set_LPF)
    i.MPU_Set_Rate                           0x08000eb6   Section        0  bsp_mpu6050_init.o(i.MPU_Set_Rate)
    i.MPU_Write_Byte                         0x08000ef0   Section        0  bsp_mpu6050_init.o(i.MPU_Write_Byte)
    i.MPU_Write_Len                          0x08000f34   Section        0  bsp_mpu6050_init.o(i.MPU_Write_Len)
    i.MemManage_Handler                      0x08000f94   Section        0  stm32f4xx_it.o(i.MemManage_Handler)
    i.NMI_Handler                            0x08000f98   Section        0  stm32f4xx_it.o(i.NMI_Handler)
    i.NVIC_Init                              0x08000f9c   Section        0  misc.o(i.NVIC_Init)
    i.NVIC_PriorityGroupConfig               0x08001014   Section        0  misc.o(i.NVIC_PriorityGroupConfig)
    i.RCC_AHB1PeriphClockCmd                 0x08001028   Section        0  stm32f4xx_rcc.o(i.RCC_AHB1PeriphClockCmd)
    i.RCC_APB2PeriphClockCmd                 0x08001048   Section        0  stm32f4xx_rcc.o(i.RCC_APB2PeriphClockCmd)
    i.RCC_GetClocksFreq                      0x08001068   Section        0  stm32f4xx_rcc.o(i.RCC_GetClocksFreq)
    i.SetSysClock                            0x08001150   Section        0  system_stm32f4xx.o(i.SetSysClock)
    SetSysClock                              0x08001151   Thumb Code   220  system_stm32f4xx.o(i.SetSysClock)
    i.SysTick_CLKSourceConfig                0x0800123c   Section        0  misc.o(i.SysTick_CLKSourceConfig)
    i.SystemInit                             0x08001264   Section        0  system_stm32f4xx.o(i.SystemInit)
    i.USART1_IRQHandler                      0x080012cc   Section        0  usart.o(i.USART1_IRQHandler)
    i.USART_Cmd                              0x08001354   Section        0  stm32f4xx_usart.o(i.USART_Cmd)
    i.USART_GetFlagStatus                    0x0800136c   Section        0  stm32f4xx_usart.o(i.USART_GetFlagStatus)
    i.USART_GetITStatus                      0x08001386   Section        0  stm32f4xx_usart.o(i.USART_GetITStatus)
    i.USART_ITConfig                         0x080013da   Section        0  stm32f4xx_usart.o(i.USART_ITConfig)
    i.USART_Init                             0x08001424   Section        0  stm32f4xx_usart.o(i.USART_Init)
    i.USART_ReceiveData                      0x080014f8   Section        0  stm32f4xx_usart.o(i.USART_ReceiveData)
    i.USART_SendData                         0x08001502   Section        0  stm32f4xx_usart.o(i.USART_SendData)
    i.UsageFault_Handler                     0x0800150a   Section        0  stm32f4xx_it.o(i.UsageFault_Handler)
    i.__ARM_fpclassify                       0x0800150e   Section        0  fpclassify.o(i.__ARM_fpclassify)
    i.__hardfp_asin                          0x08001540   Section        0  asin.o(i.__hardfp_asin)
    i.__hardfp_atan                          0x080018a0   Section        0  atan.o(i.__hardfp_atan)
    i.__hardfp_atan2                         0x08001b78   Section        0  atan2.o(i.__hardfp_atan2)
    i.__kernel_poly                          0x08001d68   Section        0  poly.o(i.__kernel_poly)
    i.__mathlib_dbl_infnan                   0x08001e60   Section        0  dunder.o(i.__mathlib_dbl_infnan)
    i.__mathlib_dbl_infnan2                  0x08001e74   Section        0  dunder.o(i.__mathlib_dbl_infnan2)
    i.__mathlib_dbl_invalid                  0x08001e88   Section        0  dunder.o(i.__mathlib_dbl_invalid)
    i.__mathlib_dbl_underflow                0x08001ea8   Section        0  dunder.o(i.__mathlib_dbl_underflow)
    i._is_digit                              0x08001ec8   Section        0  __printf_wp.o(i._is_digit)
    i._sys_exit                              0x08001ed6   Section        0  usart.o(i._sys_exit)
    i.accel_self_test                        0x08001edc   Section        0  inv_mpu.o(i.accel_self_test)
    accel_self_test                          0x08001edd   Thumb Code   182  inv_mpu.o(i.accel_self_test)
    i.atan                                   0x08001f9c   Section        0  atan.o(i.atan)
    i.decode_gesture                         0x08001fac   Section        0  inv_mpu_dmp_motion_driver.o(i.decode_gesture)
    decode_gesture                           0x08001fad   Thumb Code    94  inv_mpu_dmp_motion_driver.o(i.decode_gesture)
    i.delay_init                             0x08002010   Section        0  delay.o(i.delay_init)
    i.delay_ms                               0x0800204c   Section        0  delay.o(i.delay_ms)
    i.delay_us                               0x08002084   Section        0  delay.o(i.delay_us)
    i.delay_xms                              0x080020d0   Section        0  delay.o(i.delay_xms)
    i.dmp_enable_6x_lp_quat                  0x0800211c   Section        0  inv_mpu_dmp_motion_driver.o(i.dmp_enable_6x_lp_quat)
    i.dmp_enable_feature                     0x08002158   Section        0  inv_mpu_dmp_motion_driver.o(i.dmp_enable_feature)
    i.dmp_enable_gyro_cal                    0x08002374   Section        0  inv_mpu_dmp_motion_driver.o(i.dmp_enable_gyro_cal)
    i.dmp_enable_lp_quat                     0x080023cc   Section        0  inv_mpu_dmp_motion_driver.o(i.dmp_enable_lp_quat)
    i.dmp_load_motion_driver_firmware        0x08002408   Section        0  inv_mpu_dmp_motion_driver.o(i.dmp_load_motion_driver_firmware)
    i.dmp_read_fifo                          0x08002420   Section        0  inv_mpu_dmp_motion_driver.o(i.dmp_read_fifo)
    i.dmp_set_accel_bias                     0x080025ec   Section        0  inv_mpu_dmp_motion_driver.o(i.dmp_set_accel_bias)
    i.dmp_set_fifo_rate                      0x0800271c   Section        0  inv_mpu_dmp_motion_driver.o(i.dmp_set_fifo_rate)
    i.dmp_set_gyro_bias                      0x0800278c   Section        0  inv_mpu_dmp_motion_driver.o(i.dmp_set_gyro_bias)
    i.dmp_set_orientation                    0x080028bc   Section        0  inv_mpu_dmp_motion_driver.o(i.dmp_set_orientation)
    i.dmp_set_shake_reject_thresh            0x080029f4   Section        0  inv_mpu_dmp_motion_driver.o(i.dmp_set_shake_reject_thresh)
    i.dmp_set_shake_reject_time              0x08002a2c   Section        0  inv_mpu_dmp_motion_driver.o(i.dmp_set_shake_reject_time)
    i.dmp_set_shake_reject_timeout           0x08002a52   Section        0  inv_mpu_dmp_motion_driver.o(i.dmp_set_shake_reject_timeout)
    i.dmp_set_tap_axes                       0x08002a78   Section        0  inv_mpu_dmp_motion_driver.o(i.dmp_set_tap_axes)
    i.dmp_set_tap_count                      0x08002abe   Section        0  inv_mpu_dmp_motion_driver.o(i.dmp_set_tap_count)
    i.dmp_set_tap_thresh                     0x08002ae4   Section        0  inv_mpu_dmp_motion_driver.o(i.dmp_set_tap_thresh)
    i.dmp_set_tap_time                       0x08002ca4   Section        0  inv_mpu_dmp_motion_driver.o(i.dmp_set_tap_time)
    i.dmp_set_tap_time_multi                 0x08002cca   Section        0  inv_mpu_dmp_motion_driver.o(i.dmp_set_tap_time_multi)
    i.fabs                                   0x08002cf0   Section        0  fabs.o(i.fabs)
    i.fputc                                  0x08002d08   Section        0  usart.o(i.fputc)
    i.get_accel_prod_shift                   0x08002d24   Section        0  inv_mpu.o(i.get_accel_prod_shift)
    get_accel_prod_shift                     0x08002d25   Thumb Code   190  inv_mpu.o(i.get_accel_prod_shift)
    i.get_st_biases                          0x08002df4   Section        0  inv_mpu.o(i.get_st_biases)
    get_st_biases                            0x08002df5   Thumb Code  1132  inv_mpu.o(i.get_st_biases)
    i.gyro_self_test                         0x08003264   Section        0  inv_mpu.o(i.gyro_self_test)
    gyro_self_test                           0x08003265   Thumb Code   262  inv_mpu.o(i.gyro_self_test)
    i.inv_orientation_matrix_to_scalar       0x08003380   Section        0  inv_mpu.o(i.inv_orientation_matrix_to_scalar)
    i.inv_row_2_scale                        0x080033a8   Section        0  inv_mpu.o(i.inv_row_2_scale)
    i.main                                   0x080033f8   Section        0  main.o(i.main)
    i.mget_ms                                0x08003580   Section        0  inv_mpu.o(i.mget_ms)
    i.mpu6050_send_data                      0x08003582   Section        0  main.o(i.mpu6050_send_data)
    i.mpu_configure_fifo                     0x080035f0   Section        0  inv_mpu.o(i.mpu_configure_fifo)
    i.mpu_dmp_get_data                       0x08003660   Section        0  inv_mpu.o(i.mpu_dmp_get_data)
    i.mpu_dmp_init                           0x08003878   Section        0  inv_mpu.o(i.mpu_dmp_init)
    i.mpu_get_accel_fsr                      0x08003914   Section        0  inv_mpu.o(i.mpu_get_accel_fsr)
    i.mpu_get_accel_sens                     0x08003960   Section        0  inv_mpu.o(i.mpu_get_accel_sens)
    i.mpu_get_fifo_config                    0x080039b4   Section        0  inv_mpu.o(i.mpu_get_fifo_config)
    i.mpu_get_gyro_fsr                       0x080039c4   Section        0  inv_mpu.o(i.mpu_get_gyro_fsr)
    i.mpu_get_gyro_sens                      0x08003a08   Section        0  inv_mpu.o(i.mpu_get_gyro_sens)
    i.mpu_get_lpf                            0x08003a68   Section        0  inv_mpu.o(i.mpu_get_lpf)
    i.mpu_get_sample_rate                    0x08003ab8   Section        0  inv_mpu.o(i.mpu_get_sample_rate)
    i.mpu_init                               0x08003ad8   Section        0  inv_mpu.o(i.mpu_init)
    i.mpu_load_firmware                      0x08003cc8   Section        0  inv_mpu.o(i.mpu_load_firmware)
    i.mpu_lp_accel_mode                      0x08003d80   Section        0  inv_mpu.o(i.mpu_lp_accel_mode)
    i.mpu_read_fifo_stream                   0x08003e60   Section        0  inv_mpu.o(i.mpu_read_fifo_stream)
    i.mpu_read_mem                           0x08003f20   Section        0  inv_mpu.o(i.mpu_read_mem)
    i.mpu_reset_fifo                         0x08003fa0   Section        0  inv_mpu.o(i.mpu_reset_fifo)
    i.mpu_run_self_test                      0x08004168   Section        0  inv_mpu.o(i.mpu_run_self_test)
    i.mpu_set_accel_fsr                      0x08004284   Section        0  inv_mpu.o(i.mpu_set_accel_fsr)
    i.mpu_set_bypass                         0x08004308   Section        0  inv_mpu.o(i.mpu_set_bypass)
    i.mpu_set_dmp_state                      0x08004454   Section        0  inv_mpu.o(i.mpu_set_dmp_state)
    i.mpu_set_gyro_fsr                       0x080044e4   Section        0  inv_mpu.o(i.mpu_set_gyro_fsr)
    i.mpu_set_int_latched                    0x0800456c   Section        0  inv_mpu.o(i.mpu_set_int_latched)
    i.mpu_set_lpf                            0x080045d8   Section        0  inv_mpu.o(i.mpu_set_lpf)
    i.mpu_set_sample_rate                    0x0800465c   Section        0  inv_mpu.o(i.mpu_set_sample_rate)
    i.mpu_set_sensors                        0x080046f8   Section        0  inv_mpu.o(i.mpu_set_sensors)
    i.mpu_write_mem                          0x080047c8   Section        0  inv_mpu.o(i.mpu_write_mem)
    i.run_self_test                          0x08004848   Section        0  inv_mpu.o(i.run_self_test)
    i.set_int_enable                         0x080048e4   Section        0  inv_mpu.o(i.set_int_enable)
    set_int_enable                           0x080048e5   Thumb Code   138  inv_mpu.o(i.set_int_enable)
    i.sqrt                                   0x08004974   Section        0  sqrt.o(i.sqrt)
    i.uart_init                              0x080049e4   Section        0  usart.o(i.uart_init)
    i.usart1_niming_report                   0x08004a90   Section        0  main.o(i.usart1_niming_report)
    i.usart1_report_imu                      0x08004b06   Section        0  main.o(i.usart1_report_imu)
    i.usart1_send_char                       0x08004bc8   Section        0  main.o(i.usart1_send_char)
    x$fpl$basic                              0x08004be8   Section       24  basic.o(x$fpl$basic)
    $v0                                      0x08004be8   Number         0  basic.o(x$fpl$basic)
    x$fpl$d2f                                0x08004c00   Section       98  d2f.o(x$fpl$d2f)
    $v0                                      0x08004c00   Number         0  d2f.o(x$fpl$d2f)
    x$fpl$dadd                               0x08004c64   Section      336  daddsub_clz.o(x$fpl$dadd)
    $v0                                      0x08004c64   Number         0  daddsub_clz.o(x$fpl$dadd)
    _dadd1                                   0x08004c75   Thumb Code     0  daddsub_clz.o(x$fpl$dadd)
    x$fpl$ddiv                               0x08004db4   Section      688  ddiv.o(x$fpl$ddiv)
    $v0                                      0x08004db4   Number         0  ddiv.o(x$fpl$ddiv)
    ddiv_entry                               0x08004dbb   Thumb Code     0  ddiv.o(x$fpl$ddiv)
    x$fpl$dflt                               0x08005064   Section       46  dflt_clz.o(x$fpl$dflt)
    $v0                                      0x08005064   Number         0  dflt_clz.o(x$fpl$dflt)
    x$fpl$dmul                               0x08005094   Section      340  dmul.o(x$fpl$dmul)
    $v0                                      0x08005094   Number         0  dmul.o(x$fpl$dmul)
    x$fpl$dnaninf                            0x080051e8   Section      156  dnaninf.o(x$fpl$dnaninf)
    $v0                                      0x080051e8   Number         0  dnaninf.o(x$fpl$dnaninf)
    x$fpl$dretinf                            0x08005284   Section       12  dretinf.o(x$fpl$dretinf)
    $v0                                      0x08005284   Number         0  dretinf.o(x$fpl$dretinf)
    x$fpl$drsb                               0x08005290   Section       22  daddsub_clz.o(x$fpl$drsb)
    $v0                                      0x08005290   Number         0  daddsub_clz.o(x$fpl$drsb)
    x$fpl$dsqrt                              0x080052a8   Section      408  dsqrt_umaal.o(x$fpl$dsqrt)
    $v0                                      0x080052a8   Number         0  dsqrt_umaal.o(x$fpl$dsqrt)
    x$fpl$dsub                               0x08005440   Section      468  daddsub_clz.o(x$fpl$dsub)
    $v0                                      0x08005440   Number         0  daddsub_clz.o(x$fpl$dsub)
    _dsub1                                   0x08005451   Thumb Code     0  daddsub_clz.o(x$fpl$dsub)
    x$fpl$f2d                                0x08005614   Section       86  f2d.o(x$fpl$f2d)
    $v0                                      0x08005614   Number         0  f2d.o(x$fpl$f2d)
    x$fpl$fnaninf                            0x0800566a   Section      140  fnaninf.o(x$fpl$fnaninf)
    $v0                                      0x0800566a   Number         0  fnaninf.o(x$fpl$fnaninf)
    x$fpl$fpinit                             0x080056f6   Section       10  fpinit.o(x$fpl$fpinit)
    $v0                                      0x080056f6   Number         0  fpinit.o(x$fpl$fpinit)
    x$fpl$fretinf                            0x08005700   Section       10  fretinf.o(x$fpl$fretinf)
    $v0                                      0x08005700   Number         0  fretinf.o(x$fpl$fretinf)
    x$fpl$usenofp                            0x0800570a   Section        0  usenofp.o(x$fpl$usenofp)
    .constdata                               0x0800570c   Section       80  inv_mpu.o(.constdata)
    .constdata                               0x0800575c   Section     3062  inv_mpu_dmp_motion_driver.o(.constdata)
    dmp_memory                               0x0800575c   Data        3062  inv_mpu_dmp_motion_driver.o(.constdata)
    .constdata                               0x08006352   Section       17  __printf_flags_wp.o(.constdata)
    maptable                                 0x08006352   Data          17  __printf_flags_wp.o(.constdata)
    .constdata                               0x08006368   Section       80  asin.o(.constdata)
    pS                                       0x08006368   Data          48  asin.o(.constdata)
    qS                                       0x08006398   Data          32  asin.o(.constdata)
    .constdata                               0x080063b8   Section      152  atan.o(.constdata)
    atanhi                                   0x080063b8   Data          32  atan.o(.constdata)
    atanlo                                   0x080063d8   Data          32  atan.o(.constdata)
    aTodd                                    0x080063f8   Data          40  atan.o(.constdata)
    aTeven                                   0x08006420   Data          48  atan.o(.constdata)
    .constdata                               0x08006450   Section        8  qnan.o(.constdata)
    .conststring                             0x08006458   Section       77  inv_mpu.o(.conststring)
    .data                                    0x20000000   Section       16  stm32f4xx_rcc.o(.data)
    APBAHBPrescTable                         0x20000000   Data          16  stm32f4xx_rcc.o(.data)
    .data                                    0x20000010   Section        4  delay.o(.data)
    fac_us                                   0x20000010   Data           1  delay.o(.data)
    fac_ms                                   0x20000012   Data           2  delay.o(.data)
    .data                                    0x20000014   Section        6  usart.o(.data)
    .data                                    0x2000001c   Section       53  inv_mpu.o(.data)
    st                                       0x2000001c   Data          44  inv_mpu.o(.data)
    gyro_orientation                         0x20000048   Data           9  inv_mpu.o(.data)
    .bss                                     0x20000054   Section      200  usart.o(.bss)
    .bss                                     0x2000011c   Section       16  inv_mpu_dmp_motion_driver.o(.bss)
    dmp                                      0x2000011c   Data          16  inv_mpu_dmp_motion_driver.o(.bss)
    .bss                                     0x2000012c   Section       96  libspace.o(.bss)
    HEAP                                     0x20000190   Section      512  startup_stm32f40_41xxx.o(HEAP)
    Heap_Mem                                 0x20000190   Data         512  startup_stm32f40_41xxx.o(HEAP)
    STACK                                    0x20000390   Section     1024  startup_stm32f40_41xxx.o(STACK)
    Stack_Mem                                0x20000390   Data        1024  startup_stm32f40_41xxx.o(STACK)
    __initial_sp                             0x20000790   Data           0  startup_stm32f40_41xxx.o(STACK)

    Global Symbols

    Symbol Name                              Value     Ov Type        Size  Object(Section)

    BuildAttributes$$THM_ISAv4$E$P$D$K$B$S$7EM$VFPi3$EXTD16$VFPS$VFMA$PE$A:L22UL41UL21$X:L11$S22US41US21$IEEE1$IW$USESV6$~STKCKD$USESV7$~SHL$OTIME$ROPI$IEEEX$EBA8$UX$STANDARDLIB$REQ8$PRES8$EABIv2 0x00000000   Number         0  anon$$obj.o ABSOLUTE
    __ARM_use_no_argv                        0x00000000   Number         0  main.o ABSOLUTE
    _printf_flags                            0x00000000   Number         0  printf_stubs.o ABSOLUTE
    _printf_return_value                     0x00000000   Number         0  printf_stubs.o ABSOLUTE
    _printf_sizespec                         0x00000000   Number         0  printf_stubs.o ABSOLUTE
    _printf_widthprec                        0x00000000   Number         0  printf_stubs.o ABSOLUTE
    __ARM_exceptions_init                     - Undefined Weak Reference
    __alloca_initialize                       - Undefined Weak Reference
    __arm_preinit_                            - Undefined Weak Reference
    __cpp_initialize__aeabi_                  - Undefined Weak Reference
    __cxa_finalize                            - Undefined Weak Reference
    __rt_locale                               - Undefined Weak Reference
    __sigvec_lookup                           - Undefined Weak Reference
    _atexit_init                              - Undefined Weak Reference
    _call_atexit_fns                          - Undefined Weak Reference
    _clock_init                               - Undefined Weak Reference
    _fp_trap_init                             - Undefined Weak Reference
    _fp_trap_shutdown                         - Undefined Weak Reference
    _get_lc_collate                           - Undefined Weak Reference
    _get_lc_ctype                             - Undefined Weak Reference
    _get_lc_monetary                          - Undefined Weak Reference
    _get_lc_numeric                           - Undefined Weak Reference
    _get_lc_time                              - Undefined Weak Reference
    _getenv_init                              - Undefined Weak Reference
    _handle_redirection                       - Undefined Weak Reference
    _init_alloc                               - Undefined Weak Reference
    _init_user_alloc                          - Undefined Weak Reference
    _initio                                   - Undefined Weak Reference
    _mutex_acquire                            - Undefined Weak Reference
    _mutex_release                            - Undefined Weak Reference
    _printf_truncate_signed                   - Undefined Weak Reference
    _printf_truncate_unsigned                 - Undefined Weak Reference
    _rand_init                                - Undefined Weak Reference
    _signal_finish                            - Undefined Weak Reference
    _signal_init                              - Undefined Weak Reference
    _terminate_alloc                          - Undefined Weak Reference
    _terminate_user_alloc                     - Undefined Weak Reference
    _terminateio                              - Undefined Weak Reference
    __Vectors_Size                           0x00000188   Number         0  startup_stm32f40_41xxx.o ABSOLUTE
    __Vectors                                0x08000000   Data           4  startup_stm32f40_41xxx.o(RESET)
    __Vectors_End                            0x08000188   Data           0  startup_stm32f40_41xxx.o(RESET)
    __main                                   0x08000189   Thumb Code     8  __main.o(!!!main)
    __scatterload                            0x08000191   Thumb Code     0  __scatter.o(!!!scatter)
    __scatterload_rt2                        0x08000191   Thumb Code    44  __scatter.o(!!!scatter)
    __scatterload_rt2_thumb_only             0x08000191   Thumb Code     0  __scatter.o(!!!scatter)
    __scatterload_null                       0x0800019f   Thumb Code     0  __scatter.o(!!!scatter)
    __scatterload_copy                       0x080001c5   Thumb Code    26  __scatter_copy.o(!!handler_copy)
    __scatterload_zeroinit                   0x080001e1   Thumb Code    28  __scatter_zi.o(!!handler_zi)
    _printf_d                                0x080001fd   Thumb Code     0  _printf_d.o(.ARM.Collect$$_printf_percent$$00000009)
    _printf_percent                          0x080001fd   Thumb Code     0  _printf_percent.o(.ARM.Collect$$_printf_percent$$00000000)
    _printf_percent_end                      0x08000203   Thumb Code     0  _printf_percent_end.o(.ARM.Collect$$_printf_percent$$00000017)
    __rt_lib_init                            0x08000207   Thumb Code     0  libinit.o(.ARM.Collect$$libinit$$00000000)
    __rt_lib_init_fp_1                       0x08000209   Thumb Code     0  libinit2.o(.ARM.Collect$$libinit$$00000001)
    __rt_lib_init_alloca_1                   0x0800020d   Thumb Code     0  libinit2.o(.ARM.Collect$$libinit$$0000002E)
    __rt_lib_init_argv_1                     0x0800020d   Thumb Code     0  libinit2.o(.ARM.Collect$$libinit$$0000002C)
    __rt_lib_init_atexit_1                   0x0800020d   Thumb Code     0  libinit2.o(.ARM.Collect$$libinit$$0000001B)
    __rt_lib_init_clock_1                    0x0800020d   Thumb Code     0  libinit2.o(.ARM.Collect$$libinit$$00000021)
    __rt_lib_init_cpp_1                      0x0800020d   Thumb Code     0  libinit2.o(.ARM.Collect$$libinit$$00000032)
    __rt_lib_init_exceptions_1               0x0800020d   Thumb Code     0  libinit2.o(.ARM.Collect$$libinit$$00000030)
    __rt_lib_init_fp_trap_1                  0x0800020d   Thumb Code     0  libinit2.o(.ARM.Collect$$libinit$$0000001F)
    __rt_lib_init_getenv_1                   0x0800020d   Thumb Code     0  libinit2.o(.ARM.Collect$$libinit$$00000023)
    __rt_lib_init_heap_1                     0x0800020d   Thumb Code     0  libinit2.o(.ARM.Collect$$libinit$$0000000A)
    __rt_lib_init_lc_collate_1               0x0800020d   Thumb Code     0  libinit2.o(.ARM.Collect$$libinit$$00000011)
    __rt_lib_init_lc_ctype_1                 0x0800020d   Thumb Code     0  libinit2.o(.ARM.Collect$$libinit$$00000013)
    __rt_lib_init_lc_monetary_1              0x0800020d   Thumb Code     0  libinit2.o(.ARM.Collect$$libinit$$00000015)
    __rt_lib_init_lc_numeric_1               0x0800020d   Thumb Code     0  libinit2.o(.ARM.Collect$$libinit$$00000017)
    __rt_lib_init_lc_time_1                  0x0800020d   Thumb Code     0  libinit2.o(.ARM.Collect$$libinit$$00000019)
    __rt_lib_init_preinit_1                  0x0800020d   Thumb Code     0  libinit2.o(.ARM.Collect$$libinit$$00000004)
    __rt_lib_init_rand_1                     0x0800020d   Thumb Code     0  libinit2.o(.ARM.Collect$$libinit$$0000000E)
    __rt_lib_init_return                     0x0800020d   Thumb Code     0  libinit2.o(.ARM.Collect$$libinit$$00000033)
    __rt_lib_init_signal_1                   0x0800020d   Thumb Code     0  libinit2.o(.ARM.Collect$$libinit$$0000001D)
    __rt_lib_init_stdio_1                    0x0800020d   Thumb Code     0  libinit2.o(.ARM.Collect$$libinit$$00000025)
    __rt_lib_init_user_alloc_1               0x0800020d   Thumb Code     0  libinit2.o(.ARM.Collect$$libinit$$0000000C)
    __rt_lib_shutdown                        0x0800020f   Thumb Code     0  libshutdown.o(.ARM.Collect$$libshutdown$$00000000)
    __rt_lib_shutdown_fp_trap_1              0x08000211   Thumb Code     0  libshutdown2.o(.ARM.Collect$$libshutdown$$00000006)
    __rt_lib_shutdown_heap_1                 0x08000211   Thumb Code     0  libshutdown2.o(.ARM.Collect$$libshutdown$$0000000E)
    __rt_lib_shutdown_return                 0x08000211   Thumb Code     0  libshutdown2.o(.ARM.Collect$$libshutdown$$0000000F)
    __rt_lib_shutdown_signal_1               0x08000211   Thumb Code     0  libshutdown2.o(.ARM.Collect$$libshutdown$$00000009)
    __rt_lib_shutdown_stdio_1                0x08000211   Thumb Code     0  libshutdown2.o(.ARM.Collect$$libshutdown$$00000003)
    __rt_lib_shutdown_user_alloc_1           0x08000211   Thumb Code     0  libshutdown2.o(.ARM.Collect$$libshutdown$$0000000B)
    __rt_entry                               0x08000213   Thumb Code     0  __rtentry.o(.ARM.Collect$$rtentry$$00000000)
    __rt_entry_presh_1                       0x08000213   Thumb Code     0  __rtentry2.o(.ARM.Collect$$rtentry$$00000002)
    __rt_entry_sh                            0x08000213   Thumb Code     0  __rtentry4.o(.ARM.Collect$$rtentry$$00000004)
    __rt_entry_li                            0x08000219   Thumb Code     0  __rtentry2.o(.ARM.Collect$$rtentry$$0000000A)
    __rt_entry_postsh_1                      0x08000219   Thumb Code     0  __rtentry2.o(.ARM.Collect$$rtentry$$00000009)
    __rt_entry_main                          0x0800021d   Thumb Code     0  __rtentry2.o(.ARM.Collect$$rtentry$$0000000D)
    __rt_entry_postli_1                      0x0800021d   Thumb Code     0  __rtentry2.o(.ARM.Collect$$rtentry$$0000000C)
    __rt_exit                                0x08000225   Thumb Code     0  rtexit.o(.ARM.Collect$$rtexit$$00000000)
    __rt_exit_ls                             0x08000227   Thumb Code     0  rtexit2.o(.ARM.Collect$$rtexit$$00000003)
    __rt_exit_prels_1                        0x08000227   Thumb Code     0  rtexit2.o(.ARM.Collect$$rtexit$$00000002)
    __rt_exit_exit                           0x0800022b   Thumb Code     0  rtexit2.o(.ARM.Collect$$rtexit$$00000004)
    Reset_Handler                            0x08000231   Thumb Code     8  startup_stm32f40_41xxx.o(.text)
    SVC_Handler                              0x08000243   Thumb Code     2  startup_stm32f40_41xxx.o(.text)
    PendSV_Handler                           0x08000247   Thumb Code     2  startup_stm32f40_41xxx.o(.text)
    SysTick_Handler                          0x08000249   Thumb Code     2  startup_stm32f40_41xxx.o(.text)
    ADC_IRQHandler                           0x0800024b   Thumb Code     0  startup_stm32f40_41xxx.o(.text)
    CAN1_RX0_IRQHandler                      0x0800024b   Thumb Code     0  startup_stm32f40_41xxx.o(.text)
    CAN1_RX1_IRQHandler                      0x0800024b   Thumb Code     0  startup_stm32f40_41xxx.o(.text)
    CAN1_SCE_IRQHandler                      0x0800024b   Thumb Code     0  startup_stm32f40_41xxx.o(.text)
    CAN1_TX_IRQHandler                       0x0800024b   Thumb Code     0  startup_stm32f40_41xxx.o(.text)
    CAN2_RX0_IRQHandler                      0x0800024b   Thumb Code     0  startup_stm32f40_41xxx.o(.text)
    CAN2_RX1_IRQHandler                      0x0800024b   Thumb Code     0  startup_stm32f40_41xxx.o(.text)
    CAN2_SCE_IRQHandler                      0x0800024b   Thumb Code     0  startup_stm32f40_41xxx.o(.text)
    CAN2_TX_IRQHandler                       0x0800024b   Thumb Code     0  startup_stm32f40_41xxx.o(.text)
    CRYP_IRQHandler                          0x0800024b   Thumb Code     0  startup_stm32f40_41xxx.o(.text)
    DCMI_IRQHandler                          0x0800024b   Thumb Code     0  startup_stm32f40_41xxx.o(.text)
    DMA1_Stream0_IRQHandler                  0x0800024b   Thumb Code     0  startup_stm32f40_41xxx.o(.text)
    DMA1_Stream1_IRQHandler                  0x0800024b   Thumb Code     0  startup_stm32f40_41xxx.o(.text)
    DMA1_Stream2_IRQHandler                  0x0800024b   Thumb Code     0  startup_stm32f40_41xxx.o(.text)
    DMA1_Stream3_IRQHandler                  0x0800024b   Thumb Code     0  startup_stm32f40_41xxx.o(.text)
    DMA1_Stream4_IRQHandler                  0x0800024b   Thumb Code     0  startup_stm32f40_41xxx.o(.text)
    DMA1_Stream5_IRQHandler                  0x0800024b   Thumb Code     0  startup_stm32f40_41xxx.o(.text)
    DMA1_Stream6_IRQHandler                  0x0800024b   Thumb Code     0  startup_stm32f40_41xxx.o(.text)
    DMA1_Stream7_IRQHandler                  0x0800024b   Thumb Code     0  startup_stm32f40_41xxx.o(.text)
    DMA2_Stream0_IRQHandler                  0x0800024b   Thumb Code     0  startup_stm32f40_41xxx.o(.text)
    DMA2_Stream1_IRQHandler                  0x0800024b   Thumb Code     0  startup_stm32f40_41xxx.o(.text)
    DMA2_Stream2_IRQHandler                  0x0800024b   Thumb Code     0  startup_stm32f40_41xxx.o(.text)
    DMA2_Stream3_IRQHandler                  0x0800024b   Thumb Code     0  startup_stm32f40_41xxx.o(.text)
    DMA2_Stream4_IRQHandler                  0x0800024b   Thumb Code     0  startup_stm32f40_41xxx.o(.text)
    DMA2_Stream5_IRQHandler                  0x0800024b   Thumb Code     0  startup_stm32f40_41xxx.o(.text)
    DMA2_Stream6_IRQHandler                  0x0800024b   Thumb Code     0  startup_stm32f40_41xxx.o(.text)
    DMA2_Stream7_IRQHandler                  0x0800024b   Thumb Code     0  startup_stm32f40_41xxx.o(.text)
    ETH_IRQHandler                           0x0800024b   Thumb Code     0  startup_stm32f40_41xxx.o(.text)
    ETH_WKUP_IRQHandler                      0x0800024b   Thumb Code     0  startup_stm32f40_41xxx.o(.text)
    EXTI0_IRQHandler                         0x0800024b   Thumb Code     0  startup_stm32f40_41xxx.o(.text)
    EXTI15_10_IRQHandler                     0x0800024b   Thumb Code     0  startup_stm32f40_41xxx.o(.text)
    EXTI1_IRQHandler                         0x0800024b   Thumb Code     0  startup_stm32f40_41xxx.o(.text)
    EXTI2_IRQHandler                         0x0800024b   Thumb Code     0  startup_stm32f40_41xxx.o(.text)
    EXTI3_IRQHandler                         0x0800024b   Thumb Code     0  startup_stm32f40_41xxx.o(.text)
    EXTI4_IRQHandler                         0x0800024b   Thumb Code     0  startup_stm32f40_41xxx.o(.text)
    EXTI9_5_IRQHandler                       0x0800024b   Thumb Code     0  startup_stm32f40_41xxx.o(.text)
    FLASH_IRQHandler                         0x0800024b   Thumb Code     0  startup_stm32f40_41xxx.o(.text)
    FPU_IRQHandler                           0x0800024b   Thumb Code     0  startup_stm32f40_41xxx.o(.text)
    FSMC_IRQHandler                          0x0800024b   Thumb Code     0  startup_stm32f40_41xxx.o(.text)
    HASH_RNG_IRQHandler                      0x0800024b   Thumb Code     0  startup_stm32f40_41xxx.o(.text)
    I2C1_ER_IRQHandler                       0x0800024b   Thumb Code     0  startup_stm32f40_41xxx.o(.text)
    I2C1_EV_IRQHandler                       0x0800024b   Thumb Code     0  startup_stm32f40_41xxx.o(.text)
    I2C2_ER_IRQHandler                       0x0800024b   Thumb Code     0  startup_stm32f40_41xxx.o(.text)
    I2C2_EV_IRQHandler                       0x0800024b   Thumb Code     0  startup_stm32f40_41xxx.o(.text)
    I2C3_ER_IRQHandler                       0x0800024b   Thumb Code     0  startup_stm32f40_41xxx.o(.text)
    I2C3_EV_IRQHandler                       0x0800024b   Thumb Code     0  startup_stm32f40_41xxx.o(.text)
    OTG_FS_IRQHandler                        0x0800024b   Thumb Code     0  startup_stm32f40_41xxx.o(.text)
    OTG_FS_WKUP_IRQHandler                   0x0800024b   Thumb Code     0  startup_stm32f40_41xxx.o(.text)
    OTG_HS_EP1_IN_IRQHandler                 0x0800024b   Thumb Code     0  startup_stm32f40_41xxx.o(.text)
    OTG_HS_EP1_OUT_IRQHandler                0x0800024b   Thumb Code     0  startup_stm32f40_41xxx.o(.text)
    OTG_HS_IRQHandler                        0x0800024b   Thumb Code     0  startup_stm32f40_41xxx.o(.text)
    OTG_HS_WKUP_IRQHandler                   0x0800024b   Thumb Code     0  startup_stm32f40_41xxx.o(.text)
    PVD_IRQHandler                           0x0800024b   Thumb Code     0  startup_stm32f40_41xxx.o(.text)
    RCC_IRQHandler                           0x0800024b   Thumb Code     0  startup_stm32f40_41xxx.o(.text)
    RTC_Alarm_IRQHandler                     0x0800024b   Thumb Code     0  startup_stm32f40_41xxx.o(.text)
    RTC_WKUP_IRQHandler                      0x0800024b   Thumb Code     0  startup_stm32f40_41xxx.o(.text)
    SDIO_IRQHandler                          0x0800024b   Thumb Code     0  startup_stm32f40_41xxx.o(.text)
    SPI1_IRQHandler                          0x0800024b   Thumb Code     0  startup_stm32f40_41xxx.o(.text)
    SPI2_IRQHandler                          0x0800024b   Thumb Code     0  startup_stm32f40_41xxx.o(.text)
    SPI3_IRQHandler                          0x0800024b   Thumb Code     0  startup_stm32f40_41xxx.o(.text)
    TAMP_STAMP_IRQHandler                    0x0800024b   Thumb Code     0  startup_stm32f40_41xxx.o(.text)
    TIM1_BRK_TIM9_IRQHandler                 0x0800024b   Thumb Code     0  startup_stm32f40_41xxx.o(.text)
    TIM1_CC_IRQHandler                       0x0800024b   Thumb Code     0  startup_stm32f40_41xxx.o(.text)
    TIM1_TRG_COM_TIM11_IRQHandler            0x0800024b   Thumb Code     0  startup_stm32f40_41xxx.o(.text)
    TIM1_UP_TIM10_IRQHandler                 0x0800024b   Thumb Code     0  startup_stm32f40_41xxx.o(.text)
    TIM2_IRQHandler                          0x0800024b   Thumb Code     0  startup_stm32f40_41xxx.o(.text)
    TIM3_IRQHandler                          0x0800024b   Thumb Code     0  startup_stm32f40_41xxx.o(.text)
    TIM4_IRQHandler                          0x0800024b   Thumb Code     0  startup_stm32f40_41xxx.o(.text)
    TIM5_IRQHandler                          0x0800024b   Thumb Code     0  startup_stm32f40_41xxx.o(.text)
    TIM6_DAC_IRQHandler                      0x0800024b   Thumb Code     0  startup_stm32f40_41xxx.o(.text)
    TIM7_IRQHandler                          0x0800024b   Thumb Code     0  startup_stm32f40_41xxx.o(.text)
    TIM8_BRK_TIM12_IRQHandler                0x0800024b   Thumb Code     0  startup_stm32f40_41xxx.o(.text)
    TIM8_CC_IRQHandler                       0x0800024b   Thumb Code     0  startup_stm32f40_41xxx.o(.text)
    TIM8_TRG_COM_TIM14_IRQHandler            0x0800024b   Thumb Code     0  startup_stm32f40_41xxx.o(.text)
    TIM8_UP_TIM13_IRQHandler                 0x0800024b   Thumb Code     0  startup_stm32f40_41xxx.o(.text)
    UART4_IRQHandler                         0x0800024b   Thumb Code     0  startup_stm32f40_41xxx.o(.text)
    UART5_IRQHandler                         0x0800024b   Thumb Code     0  startup_stm32f40_41xxx.o(.text)
    USART2_IRQHandler                        0x0800024b   Thumb Code     0  startup_stm32f40_41xxx.o(.text)
    USART3_IRQHandler                        0x0800024b   Thumb Code     0  startup_stm32f40_41xxx.o(.text)
    USART6_IRQHandler                        0x0800024b   Thumb Code     0  startup_stm32f40_41xxx.o(.text)
    WWDG_IRQHandler                          0x0800024b   Thumb Code     0  startup_stm32f40_41xxx.o(.text)
    __user_initial_stackheap                 0x0800024d   Thumb Code     0  startup_stm32f40_41xxx.o(.text)
    __use_no_semihosting                     0x08000271   Thumb Code     2  use_no_semi_2.o(.text)
    __aeabi_ldivmod                          0x08000273   Thumb Code     0  llsdiv.o(.text)
    _ll_sdiv                                 0x08000273   Thumb Code    72  llsdiv.o(.text)
    __2printf                                0x080002bd   Thumb Code    20  noretval__2printf.o(.text)
    _printf_int_dec                          0x080002d5   Thumb Code   104  _printf_dec.o(.text)
    __printf                                 0x0800034d   Thumb Code   308  __printf_flags_wp.o(.text)
    memcmp                                   0x08000485   Thumb Code    88  memcmp.o(.text)
    __aeabi_memset                           0x080004dd   Thumb Code    16  aeabi_memset.o(.text)
    __use_two_region_memory                  0x080004ed   Thumb Code     2  heapauxi.o(.text)
    __rt_heap_escrow$2region                 0x080004ef   Thumb Code     2  heapauxi.o(.text)
    __rt_heap_expand$2region                 0x080004f1   Thumb Code     2  heapauxi.o(.text)
    __I$use$semihosting                      0x080004f3   Thumb Code     0  use_no_semi.o(.text)
    __use_no_semihosting_swi                 0x080004f3   Thumb Code     2  use_no_semi.o(.text)
    __aeabi_uldivmod                         0x080004f5   Thumb Code     0  lludivv7m.o(.text)
    _ll_udiv                                 0x080004f5   Thumb Code   238  lludivv7m.o(.text)
    __read_errno                             0x080005e3   Thumb Code    10  _rserrno.o(.text)
    __set_errno                              0x080005ed   Thumb Code    12  _rserrno.o(.text)
    _printf_int_common                       0x080005f9   Thumb Code   178  _printf_intcommon.o(.text)
    _printf_char_file                        0x080006ad   Thumb Code    32  _printf_char_file.o(.text)
    __aeabi_memclr                           0x080006d1   Thumb Code     0  rt_memclr.o(.text)
    __rt_memclr                              0x080006d1   Thumb Code    68  rt_memclr.o(.text)
    _memset                                  0x080006d5   Thumb Code     0  rt_memclr.o(.text)
    __aeabi_errno_addr                       0x08000715   Thumb Code     8  rt_errno_addr_intlibspace.o(.text)
    __errno$intlibspace                      0x08000715   Thumb Code     0  rt_errno_addr_intlibspace.o(.text)
    __rt_errno_addr$intlibspace              0x08000715   Thumb Code     0  rt_errno_addr_intlibspace.o(.text)
    _printf_char_common                      0x08000727   Thumb Code    32  _printf_char_common.o(.text)
    ferror                                   0x0800074d   Thumb Code     8  ferror.o(.text)
    __aeabi_memclr4                          0x08000755   Thumb Code     0  rt_memclr_w.o(.text)
    __aeabi_memclr8                          0x08000755   Thumb Code     0  rt_memclr_w.o(.text)
    __rt_memclr_w                            0x08000755   Thumb Code    78  rt_memclr_w.o(.text)
    _memset_w                                0x08000759   Thumb Code     0  rt_memclr_w.o(.text)
    __user_libspace                          0x080007a5   Thumb Code     8  libspace.o(.text)
    __user_perproc_libspace                  0x080007a5   Thumb Code     0  libspace.o(.text)
    __user_perthread_libspace                0x080007a5   Thumb Code     0  libspace.o(.text)
    __user_setup_stackheap                   0x080007ad   Thumb Code    74  sys_stackheap_outer.o(.text)
    exit                                     0x080007f7   Thumb Code    12  exit.o(.text)
    BusFault_Handler                         0x08000803   Thumb Code     4  stm32f4xx_it.o(i.BusFault_Handler)
    DebugMon_Handler                         0x08000807   Thumb Code     2  stm32f4xx_it.o(i.DebugMon_Handler)
    GPIO_Init                                0x08000809   Thumb Code   144  stm32f4xx_gpio.o(i.GPIO_Init)
    GPIO_PinAFConfig                         0x08000899   Thumb Code    70  stm32f4xx_gpio.o(i.GPIO_PinAFConfig)
    GPIO_SetBits                             0x080008df   Thumb Code     4  stm32f4xx_gpio.o(i.GPIO_SetBits)
    HardFault_Handler                        0x080008e3   Thumb Code     4  stm32f4xx_it.o(i.HardFault_Handler)
    IIC_Ack                                  0x080008e9   Thumb Code    66  bsp_iic1_init.o(i.IIC_Ack)
    IIC_Init                                 0x08000939   Thumb Code    60  bsp_iic1_init.o(i.IIC_Init)
    IIC_NAck                                 0x08000981   Thumb Code    66  bsp_iic1_init.o(i.IIC_NAck)
    IIC_Read_Byte                            0x080009d1   Thumb Code    94  bsp_iic1_init.o(i.IIC_Read_Byte)
    IIC_Send_Byte                            0x08000a3d   Thumb Code    90  bsp_iic1_init.o(i.IIC_Send_Byte)
    IIC_Start                                0x08000aa5   Thumb Code    64  bsp_iic1_init.o(i.IIC_Start)
    IIC_Stop                                 0x08000af1   Thumb Code    62  bsp_iic1_init.o(i.IIC_Stop)
    IIC_Wait_Ack                             0x08000b3d   Thumb Code    82  bsp_iic1_init.o(i.IIC_Wait_Ack)
    LED_Init                                 0x08000b9d   Thumb Code   108  led.o(i.LED_Init)
    MPU_Get_Accelerometer                    0x08000c11   Thumb Code    80  bsp_mpu6050_init.o(i.MPU_Get_Accelerometer)
    MPU_Get_Gyroscope                        0x08000c61   Thumb Code    80  bsp_mpu6050_init.o(i.MPU_Get_Gyroscope)
    MPU_Get_Temperature                      0x08000cb1   Thumb Code   110  bsp_mpu6050_init.o(i.MPU_Get_Temperature)
    MPU_Init                                 0x08000d35   Thumb Code   122  bsp_mpu6050_init.o(i.MPU_Init)
    MPU_Read_Byte                            0x08000daf   Thumb Code    58  bsp_mpu6050_init.o(i.MPU_Read_Byte)
    MPU_Read_Len                             0x08000de9   Thumb Code   116  bsp_mpu6050_init.o(i.MPU_Read_Len)
    MPU_Set_Accel_Fsr                        0x08000e5d   Thumb Code    16  bsp_mpu6050_init.o(i.MPU_Set_Accel_Fsr)
    MPU_Set_Gyro_Fsr                         0x08000e6d   Thumb Code    16  bsp_mpu6050_init.o(i.MPU_Set_Gyro_Fsr)
    MPU_Set_LPF                              0x08000e7d   Thumb Code    58  bsp_mpu6050_init.o(i.MPU_Set_LPF)
    MPU_Set_Rate                             0x08000eb7   Thumb Code    58  bsp_mpu6050_init.o(i.MPU_Set_Rate)
    MPU_Write_Byte                           0x08000ef1   Thumb Code    68  bsp_mpu6050_init.o(i.MPU_Write_Byte)
    MPU_Write_Len                            0x08000f35   Thumb Code    96  bsp_mpu6050_init.o(i.MPU_Write_Len)
    MemManage_Handler                        0x08000f95   Thumb Code     4  stm32f4xx_it.o(i.MemManage_Handler)
    NMI_Handler                              0x08000f99   Thumb Code     2  stm32f4xx_it.o(i.NMI_Handler)
    NVIC_Init                                0x08000f9d   Thumb Code   106  misc.o(i.NVIC_Init)
    NVIC_PriorityGroupConfig                 0x08001015   Thumb Code    10  misc.o(i.NVIC_PriorityGroupConfig)
    RCC_AHB1PeriphClockCmd                   0x08001029   Thumb Code    26  stm32f4xx_rcc.o(i.RCC_AHB1PeriphClockCmd)
    RCC_APB2PeriphClockCmd                   0x08001049   Thumb Code    26  stm32f4xx_rcc.o(i.RCC_APB2PeriphClockCmd)
    RCC_GetClocksFreq                        0x08001069   Thumb Code   214  stm32f4xx_rcc.o(i.RCC_GetClocksFreq)
    SysTick_CLKSourceConfig                  0x0800123d   Thumb Code    40  misc.o(i.SysTick_CLKSourceConfig)
    SystemInit                               0x08001265   Thumb Code    88  system_stm32f4xx.o(i.SystemInit)
    USART1_IRQHandler                        0x080012cd   Thumb Code   122  usart.o(i.USART1_IRQHandler)
    USART_Cmd                                0x08001355   Thumb Code    24  stm32f4xx_usart.o(i.USART_Cmd)
    USART_GetFlagStatus                      0x0800136d   Thumb Code    26  stm32f4xx_usart.o(i.USART_GetFlagStatus)
    USART_GetITStatus                        0x08001387   Thumb Code    84  stm32f4xx_usart.o(i.USART_GetITStatus)
    USART_ITConfig                           0x080013db   Thumb Code    74  stm32f4xx_usart.o(i.USART_ITConfig)
    USART_Init                               0x08001425   Thumb Code   204  stm32f4xx_usart.o(i.USART_Init)
    USART_ReceiveData                        0x080014f9   Thumb Code    10  stm32f4xx_usart.o(i.USART_ReceiveData)
    USART_SendData                           0x08001503   Thumb Code     8  stm32f4xx_usart.o(i.USART_SendData)
    UsageFault_Handler                       0x0800150b   Thumb Code     4  stm32f4xx_it.o(i.UsageFault_Handler)
    __ARM_fpclassify                         0x0800150f   Thumb Code    48  fpclassify.o(i.__ARM_fpclassify)
    __hardfp_asin                            0x08001541   Thumb Code   770  asin.o(i.__hardfp_asin)
    __hardfp_atan                            0x080018a1   Thumb Code   622  atan.o(i.__hardfp_atan)
    __hardfp_atan2                           0x08001b79   Thumb Code   432  atan2.o(i.__hardfp_atan2)
    __kernel_poly                            0x08001d69   Thumb Code   248  poly.o(i.__kernel_poly)
    __mathlib_dbl_infnan                     0x08001e61   Thumb Code    20  dunder.o(i.__mathlib_dbl_infnan)
    __mathlib_dbl_infnan2                    0x08001e75   Thumb Code    20  dunder.o(i.__mathlib_dbl_infnan2)
    __mathlib_dbl_invalid                    0x08001e89   Thumb Code    24  dunder.o(i.__mathlib_dbl_invalid)
    __mathlib_dbl_underflow                  0x08001ea9   Thumb Code    24  dunder.o(i.__mathlib_dbl_underflow)
    _is_digit                                0x08001ec9   Thumb Code    14  __printf_wp.o(i._is_digit)
    _sys_exit                                0x08001ed7   Thumb Code     4  usart.o(i._sys_exit)
    atan                                     0x08001f9d   Thumb Code    16  atan.o(i.atan)
    delay_init                               0x08002011   Thumb Code    52  delay.o(i.delay_init)
    delay_ms                                 0x0800204d   Thumb Code    56  delay.o(i.delay_ms)
    delay_us                                 0x08002085   Thumb Code    72  delay.o(i.delay_us)
    delay_xms                                0x080020d1   Thumb Code    72  delay.o(i.delay_xms)
    dmp_enable_6x_lp_quat                    0x0800211d   Thumb Code    60  inv_mpu_dmp_motion_driver.o(i.dmp_enable_6x_lp_quat)
    dmp_enable_feature                       0x08002159   Thumb Code   530  inv_mpu_dmp_motion_driver.o(i.dmp_enable_feature)
    dmp_enable_gyro_cal                      0x08002375   Thumb Code    62  inv_mpu_dmp_motion_driver.o(i.dmp_enable_gyro_cal)
    dmp_enable_lp_quat                       0x080023cd   Thumb Code    60  inv_mpu_dmp_motion_driver.o(i.dmp_enable_lp_quat)
    dmp_load_motion_driver_firmware          0x08002409   Thumb Code    20  inv_mpu_dmp_motion_driver.o(i.dmp_load_motion_driver_firmware)
    dmp_read_fifo                            0x08002421   Thumb Code   456  inv_mpu_dmp_motion_driver.o(i.dmp_read_fifo)
    dmp_set_accel_bias                       0x080025ed   Thumb Code   300  inv_mpu_dmp_motion_driver.o(i.dmp_set_accel_bias)
    dmp_set_fifo_rate                        0x0800271d   Thumb Code    96  inv_mpu_dmp_motion_driver.o(i.dmp_set_fifo_rate)
    dmp_set_gyro_bias                        0x0800278d   Thumb Code   294  inv_mpu_dmp_motion_driver.o(i.dmp_set_gyro_bias)
    dmp_set_orientation                      0x080028bd   Thumb Code   290  inv_mpu_dmp_motion_driver.o(i.dmp_set_orientation)
    dmp_set_shake_reject_thresh              0x080029f5   Thumb Code    56  inv_mpu_dmp_motion_driver.o(i.dmp_set_shake_reject_thresh)
    dmp_set_shake_reject_time                0x08002a2d   Thumb Code    38  inv_mpu_dmp_motion_driver.o(i.dmp_set_shake_reject_time)
    dmp_set_shake_reject_timeout             0x08002a53   Thumb Code    38  inv_mpu_dmp_motion_driver.o(i.dmp_set_shake_reject_timeout)
    dmp_set_tap_axes                         0x08002a79   Thumb Code    70  inv_mpu_dmp_motion_driver.o(i.dmp_set_tap_axes)
    dmp_set_tap_count                        0x08002abf   Thumb Code    38  inv_mpu_dmp_motion_driver.o(i.dmp_set_tap_count)
    dmp_set_tap_thresh                       0x08002ae5   Thumb Code   412  inv_mpu_dmp_motion_driver.o(i.dmp_set_tap_thresh)
    dmp_set_tap_time                         0x08002ca5   Thumb Code    38  inv_mpu_dmp_motion_driver.o(i.dmp_set_tap_time)
    dmp_set_tap_time_multi                   0x08002ccb   Thumb Code    38  inv_mpu_dmp_motion_driver.o(i.dmp_set_tap_time_multi)
    fabs                                     0x08002cf1   Thumb Code    24  fabs.o(i.fabs)
    fputc                                    0x08002d09   Thumb Code    22  usart.o(i.fputc)
    inv_orientation_matrix_to_scalar         0x08003381   Thumb Code    40  inv_mpu.o(i.inv_orientation_matrix_to_scalar)
    inv_row_2_scale                          0x080033a9   Thumb Code    78  inv_mpu.o(i.inv_row_2_scale)
    main                                     0x080033f9   Thumb Code   374  main.o(i.main)
    mget_ms                                  0x08003581   Thumb Code     2  inv_mpu.o(i.mget_ms)
    mpu6050_send_data                        0x08003583   Thumb Code   110  main.o(i.mpu6050_send_data)
    mpu_configure_fifo                       0x080035f1   Thumb Code   106  inv_mpu.o(i.mpu_configure_fifo)
    mpu_dmp_get_data                         0x08003661   Thumb Code   520  inv_mpu.o(i.mpu_dmp_get_data)
    mpu_dmp_init                             0x08003879   Thumb Code   150  inv_mpu.o(i.mpu_dmp_init)
    mpu_get_accel_fsr                        0x08003915   Thumb Code    72  inv_mpu.o(i.mpu_get_accel_fsr)
    mpu_get_accel_sens                       0x08003961   Thumb Code    78  inv_mpu.o(i.mpu_get_accel_sens)
    mpu_get_fifo_config                      0x080039b5   Thumb Code    12  inv_mpu.o(i.mpu_get_fifo_config)
    mpu_get_gyro_fsr                         0x080039c5   Thumb Code    64  inv_mpu.o(i.mpu_get_gyro_fsr)
    mpu_get_gyro_sens                        0x08003a09   Thumb Code    74  inv_mpu.o(i.mpu_get_gyro_sens)
    mpu_get_lpf                              0x08003a69   Thumb Code    74  inv_mpu.o(i.mpu_get_lpf)
    mpu_get_sample_rate                      0x08003ab9   Thumb Code    26  inv_mpu.o(i.mpu_get_sample_rate)
    mpu_init                                 0x08003ad9   Thumb Code   416  inv_mpu.o(i.mpu_init)
    mpu_load_firmware                        0x08003cc9   Thumb Code   180  inv_mpu.o(i.mpu_load_firmware)
    mpu_lp_accel_mode                        0x08003d81   Thumb Code   218  inv_mpu.o(i.mpu_lp_accel_mode)
    mpu_read_fifo_stream                     0x08003e61   Thumb Code   186  inv_mpu.o(i.mpu_read_fifo_stream)
    mpu_read_mem                             0x08003f21   Thumb Code   122  inv_mpu.o(i.mpu_read_mem)
    mpu_reset_fifo                           0x08003fa1   Thumb Code   450  inv_mpu.o(i.mpu_reset_fifo)
    mpu_run_self_test                        0x08004169   Thumb Code   278  inv_mpu.o(i.mpu_run_self_test)
    mpu_set_accel_fsr                        0x08004285   Thumb Code   126  inv_mpu.o(i.mpu_set_accel_fsr)
    mpu_set_bypass                           0x08004309   Thumb Code   328  inv_mpu.o(i.mpu_set_bypass)
    mpu_set_dmp_state                        0x08004455   Thumb Code   138  inv_mpu.o(i.mpu_set_dmp_state)
    mpu_set_gyro_fsr                         0x080044e5   Thumb Code   132  inv_mpu.o(i.mpu_set_gyro_fsr)
    mpu_set_int_latched                      0x0800456d   Thumb Code   102  inv_mpu.o(i.mpu_set_int_latched)
    mpu_set_lpf                              0x080045d9   Thumb Code   126  inv_mpu.o(i.mpu_set_lpf)
    mpu_set_sample_rate                      0x0800465d   Thumb Code   152  inv_mpu.o(i.mpu_set_sample_rate)
    mpu_set_sensors                          0x080046f9   Thumb Code   202  inv_mpu.o(i.mpu_set_sensors)
    mpu_write_mem                            0x080047c9   Thumb Code   122  inv_mpu.o(i.mpu_write_mem)
    run_self_test                            0x08004849   Thumb Code   154  inv_mpu.o(i.run_self_test)
    sqrt                                     0x08004975   Thumb Code   110  sqrt.o(i.sqrt)
    uart_init                                0x080049e5   Thumb Code   164  usart.o(i.uart_init)
    usart1_niming_report                     0x08004a91   Thumb Code   118  main.o(i.usart1_niming_report)
    usart1_report_imu                        0x08004b07   Thumb Code   192  main.o(i.usart1_report_imu)
    usart1_send_char                         0x08004bc9   Thumb Code    28  main.o(i.usart1_send_char)
    __aeabi_dneg                             0x08004be9   Thumb Code     0  basic.o(x$fpl$basic)
    _dneg                                    0x08004be9   Thumb Code     6  basic.o(x$fpl$basic)
    __aeabi_fneg                             0x08004bef   Thumb Code     0  basic.o(x$fpl$basic)
    _fneg                                    0x08004bef   Thumb Code     6  basic.o(x$fpl$basic)
    _dabs                                    0x08004bf5   Thumb Code     6  basic.o(x$fpl$basic)
    _fabs                                    0x08004bfb   Thumb Code     6  basic.o(x$fpl$basic)
    __aeabi_d2f                              0x08004c01   Thumb Code     0  d2f.o(x$fpl$d2f)
    _d2f                                     0x08004c01   Thumb Code    98  d2f.o(x$fpl$d2f)
    __aeabi_dadd                             0x08004c65   Thumb Code     0  daddsub_clz.o(x$fpl$dadd)
    _dadd                                    0x08004c65   Thumb Code   332  daddsub_clz.o(x$fpl$dadd)
    __aeabi_ddiv                             0x08004db5   Thumb Code     0  ddiv.o(x$fpl$ddiv)
    _ddiv                                    0x08004db5   Thumb Code   552  ddiv.o(x$fpl$ddiv)
    __aeabi_i2d                              0x08005065   Thumb Code     0  dflt_clz.o(x$fpl$dflt)
    _dflt                                    0x08005065   Thumb Code    46  dflt_clz.o(x$fpl$dflt)
    __aeabi_dmul                             0x08005095   Thumb Code     0  dmul.o(x$fpl$dmul)
    _dmul                                    0x08005095   Thumb Code   332  dmul.o(x$fpl$dmul)
    __fpl_dnaninf                            0x080051e9   Thumb Code   156  dnaninf.o(x$fpl$dnaninf)
    __fpl_dretinf                            0x08005285   Thumb Code    12  dretinf.o(x$fpl$dretinf)
    __aeabi_drsub                            0x08005291   Thumb Code     0  daddsub_clz.o(x$fpl$drsb)
    _drsb                                    0x08005291   Thumb Code    22  daddsub_clz.o(x$fpl$drsb)
    _dsqrt                                   0x080052a9   Thumb Code   404  dsqrt_umaal.o(x$fpl$dsqrt)
    __aeabi_dsub                             0x08005441   Thumb Code     0  daddsub_clz.o(x$fpl$dsub)
    _dsub                                    0x08005441   Thumb Code   464  daddsub_clz.o(x$fpl$dsub)
    __aeabi_f2d                              0x08005615   Thumb Code     0  f2d.o(x$fpl$f2d)
    _f2d                                     0x08005615   Thumb Code    86  f2d.o(x$fpl$f2d)
    __fpl_fnaninf                            0x0800566b   Thumb Code   140  fnaninf.o(x$fpl$fnaninf)
    _fp_init                                 0x080056f7   Thumb Code    10  fpinit.o(x$fpl$fpinit)
    __fplib_config_fpu_vfp                   0x080056ff   Thumb Code     0  fpinit.o(x$fpl$fpinit)
    __fplib_config_pureend_doubles           0x080056ff   Thumb Code     0  fpinit.o(x$fpl$fpinit)
    __fpl_fretinf                            0x08005701   Thumb Code    10  fretinf.o(x$fpl$fretinf)
    __I$use$fp                               0x0800570a   Number         0  usenofp.o(x$fpl$usenofp)
    reg                                      0x0800570c   Data          27  inv_mpu.o(.constdata)
    hw                                       0x08005728   Data          12  inv_mpu.o(.constdata)
    test                                     0x08005734   Data          40  inv_mpu.o(.constdata)
    __mathlib_zero                           0x08006450   Data           8  qnan.o(.constdata)
    Region$$Table$$Base                      0x080064a8   Number         0  anon$$obj.o(Region$$Table)
    Region$$Table$$Limit                     0x080064c8   Number         0  anon$$obj.o(Region$$Table)
    __stdout                                 0x20000014   Data           4  usart.o(.data)
    USART_RX_STA                             0x20000018   Data           2  usart.o(.data)
    USART_RX_BUF                             0x20000054   Data         200  usart.o(.bss)
    __libspace_start                         0x2000012c   Data          96  libspace.o(.bss)
    __temporary_stack_top$libspace           0x2000018c   Data           0  libspace.o(.bss)



==============================================================================

Memory Map of the image

  Image Entry point : 0x08000189

  Load Region LR_IROM1 (Base: 0x08000000, Size: 0x0000651c, Max: 0x00100000, ABSOLUTE)

    Execution Region ER_IROM1 (Base: 0x08000000, Size: 0x000064c8, Max: 0x00100000, ABSOLUTE)

    Base Addr    Size         Type   Attr      Idx    E Section Name        Object

    0x08000000   0x00000188   Data   RO          447    RESET               startup_stm32f40_41xxx.o
    0x08000188   0x00000008   Code   RO         3502  * !!!main             c_w.l(__main.o)
    0x08000190   0x00000034   Code   RO         3808    !!!scatter          c_w.l(__scatter.o)
    0x080001c4   0x0000001a   Code   RO         3810    !!handler_copy      c_w.l(__scatter_copy.o)
    0x080001de   0x00000002   PAD
    0x080001e0   0x0000001c   Code   RO         3812    !!handler_zi        c_w.l(__scatter_zi.o)
    0x080001fc   0x00000000   Code   RO         3495    .ARM.Collect$$_printf_percent$$00000000  c_w.l(_printf_percent.o)
    0x080001fc   0x00000006   Code   RO         3494    .ARM.Collect$$_printf_percent$$00000009  c_w.l(_printf_d.o)
    0x08000202   0x00000004   Code   RO         3563    .ARM.Collect$$_printf_percent$$00000017  c_w.l(_printf_percent_end.o)
    0x08000206   0x00000002   Code   RO         3680    .ARM.Collect$$libinit$$00000000  c_w.l(libinit.o)
    0x08000208   0x00000004   Code   RO         3689    .ARM.Collect$$libinit$$00000001  c_w.l(libinit2.o)
    0x0800020c   0x00000000   Code   RO         3692    .ARM.Collect$$libinit$$00000004  c_w.l(libinit2.o)
    0x0800020c   0x00000000   Code   RO         3695    .ARM.Collect$$libinit$$0000000A  c_w.l(libinit2.o)
    0x0800020c   0x00000000   Code   RO         3697    .ARM.Collect$$libinit$$0000000C  c_w.l(libinit2.o)
    0x0800020c   0x00000000   Code   RO         3699    .ARM.Collect$$libinit$$0000000E  c_w.l(libinit2.o)
    0x0800020c   0x00000000   Code   RO         3702    .ARM.Collect$$libinit$$00000011  c_w.l(libinit2.o)
    0x0800020c   0x00000000   Code   RO         3704    .ARM.Collect$$libinit$$00000013  c_w.l(libinit2.o)
    0x0800020c   0x00000000   Code   RO         3706    .ARM.Collect$$libinit$$00000015  c_w.l(libinit2.o)
    0x0800020c   0x00000000   Code   RO         3708    .ARM.Collect$$libinit$$00000017  c_w.l(libinit2.o)
    0x0800020c   0x00000000   Code   RO         3710    .ARM.Collect$$libinit$$00000019  c_w.l(libinit2.o)
    0x0800020c   0x00000000   Code   RO         3712    .ARM.Collect$$libinit$$0000001B  c_w.l(libinit2.o)
    0x0800020c   0x00000000   Code   RO         3714    .ARM.Collect$$libinit$$0000001D  c_w.l(libinit2.o)
    0x0800020c   0x00000000   Code   RO         3716    .ARM.Collect$$libinit$$0000001F  c_w.l(libinit2.o)
    0x0800020c   0x00000000   Code   RO         3718    .ARM.Collect$$libinit$$00000021  c_w.l(libinit2.o)
    0x0800020c   0x00000000   Code   RO         3720    .ARM.Collect$$libinit$$00000023  c_w.l(libinit2.o)
    0x0800020c   0x00000000   Code   RO         3722    .ARM.Collect$$libinit$$00000025  c_w.l(libinit2.o)
    0x0800020c   0x00000000   Code   RO         3726    .ARM.Collect$$libinit$$0000002C  c_w.l(libinit2.o)
    0x0800020c   0x00000000   Code   RO         3728    .ARM.Collect$$libinit$$0000002E  c_w.l(libinit2.o)
    0x0800020c   0x00000000   Code   RO         3730    .ARM.Collect$$libinit$$00000030  c_w.l(libinit2.o)
    0x0800020c   0x00000000   Code   RO         3732    .ARM.Collect$$libinit$$00000032  c_w.l(libinit2.o)
    0x0800020c   0x00000002   Code   RO         3733    .ARM.Collect$$libinit$$00000033  c_w.l(libinit2.o)
    0x0800020e   0x00000002   Code   RO         3761    .ARM.Collect$$libshutdown$$00000000  c_w.l(libshutdown.o)
    0x08000210   0x00000000   Code   RO         3776    .ARM.Collect$$libshutdown$$00000003  c_w.l(libshutdown2.o)
    0x08000210   0x00000000   Code   RO         3779    .ARM.Collect$$libshutdown$$00000006  c_w.l(libshutdown2.o)
    0x08000210   0x00000000   Code   RO         3782    .ARM.Collect$$libshutdown$$00000009  c_w.l(libshutdown2.o)
    0x08000210   0x00000000   Code   RO         3784    .ARM.Collect$$libshutdown$$0000000B  c_w.l(libshutdown2.o)
    0x08000210   0x00000000   Code   RO         3787    .ARM.Collect$$libshutdown$$0000000E  c_w.l(libshutdown2.o)
    0x08000210   0x00000002   Code   RO         3788    .ARM.Collect$$libshutdown$$0000000F  c_w.l(libshutdown2.o)
    0x08000212   0x00000000   Code   RO         3554    .ARM.Collect$$rtentry$$00000000  c_w.l(__rtentry.o)
    0x08000212   0x00000000   Code   RO         3629    .ARM.Collect$$rtentry$$00000002  c_w.l(__rtentry2.o)
    0x08000212   0x00000006   Code   RO         3641    .ARM.Collect$$rtentry$$00000004  c_w.l(__rtentry4.o)
    0x08000218   0x00000000   Code   RO         3631    .ARM.Collect$$rtentry$$00000009  c_w.l(__rtentry2.o)
    0x08000218   0x00000004   Code   RO         3632    .ARM.Collect$$rtentry$$0000000A  c_w.l(__rtentry2.o)
    0x0800021c   0x00000000   Code   RO         3634    .ARM.Collect$$rtentry$$0000000C  c_w.l(__rtentry2.o)
    0x0800021c   0x00000008   Code   RO         3635    .ARM.Collect$$rtentry$$0000000D  c_w.l(__rtentry2.o)
    0x08000224   0x00000002   Code   RO         3683    .ARM.Collect$$rtexit$$00000000  c_w.l(rtexit.o)
    0x08000226   0x00000000   Code   RO         3735    .ARM.Collect$$rtexit$$00000002  c_w.l(rtexit2.o)
    0x08000226   0x00000004   Code   RO         3736    .ARM.Collect$$rtexit$$00000003  c_w.l(rtexit2.o)
    0x0800022a   0x00000006   Code   RO         3737    .ARM.Collect$$rtexit$$00000004  c_w.l(rtexit2.o)
    0x08000230   0x00000040   Code   RO          448    .text               startup_stm32f40_41xxx.o
    0x08000270   0x00000002   Code   RO         3438    .text               c_w.l(use_no_semi_2.o)
    0x08000272   0x00000048   Code   RO         3440    .text               c_w.l(llsdiv.o)
    0x080002ba   0x00000002   PAD
    0x080002bc   0x00000018   Code   RO         3444    .text               c_w.l(noretval__2printf.o)
    0x080002d4   0x00000078   Code   RO         3450    .text               c_w.l(_printf_dec.o)
    0x0800034c   0x00000138   Code   RO         3485    .text               c_w.l(__printf_flags_wp.o)
    0x08000484   0x00000058   Code   RO         3496    .text               c_w.l(memcmp.o)
    0x080004dc   0x00000010   Code   RO         3498    .text               c_w.l(aeabi_memset.o)
    0x080004ec   0x00000006   Code   RO         3500    .text               c_w.l(heapauxi.o)
    0x080004f2   0x00000002   Code   RO         3552    .text               c_w.l(use_no_semi.o)
    0x080004f4   0x000000ee   Code   RO         3555    .text               c_w.l(lludivv7m.o)
    0x080005e2   0x00000016   Code   RO         3557    .text               c_w.l(_rserrno.o)
    0x080005f8   0x000000b2   Code   RO         3559    .text               c_w.l(_printf_intcommon.o)
    0x080006aa   0x00000002   PAD
    0x080006ac   0x00000024   Code   RO         3561    .text               c_w.l(_printf_char_file.o)
    0x080006d0   0x00000044   Code   RO         3564    .text               c_w.l(rt_memclr.o)
    0x08000714   0x00000008   Code   RO         3650    .text               c_w.l(rt_errno_addr_intlibspace.o)
    0x0800071c   0x00000030   Code   RO         3652    .text               c_w.l(_printf_char_common.o)
    0x0800074c   0x00000008   Code   RO         3654    .text               c_w.l(ferror.o)
    0x08000754   0x0000004e   Code   RO         3658    .text               c_w.l(rt_memclr_w.o)
    0x080007a2   0x00000002   PAD
    0x080007a4   0x00000008   Code   RO         3664    .text               c_w.l(libspace.o)
    0x080007ac   0x0000004a   Code   RO         3667    .text               c_w.l(sys_stackheap_outer.o)
    0x080007f6   0x0000000c   Code   RO         3673    .text               c_w.l(exit.o)
    0x08000802   0x00000004   Code   RO          189    i.BusFault_Handler  stm32f4xx_it.o
    0x08000806   0x00000002   Code   RO          190    i.DebugMon_Handler  stm32f4xx_it.o
    0x08000808   0x00000090   Code   RO          983    i.GPIO_Init         stm32f4xx_gpio.o
    0x08000898   0x00000046   Code   RO          984    i.GPIO_PinAFConfig  stm32f4xx_gpio.o
    0x080008de   0x00000004   Code   RO          991    i.GPIO_SetBits      stm32f4xx_gpio.o
    0x080008e2   0x00000004   Code   RO          191    i.HardFault_Handler  stm32f4xx_it.o
    0x080008e6   0x00000002   PAD
    0x080008e8   0x00000050   Code   RO          242    i.IIC_Ack           bsp_iic1_init.o
    0x08000938   0x00000048   Code   RO          243    i.IIC_Init          bsp_iic1_init.o
    0x08000980   0x00000050   Code   RO          244    i.IIC_NAck          bsp_iic1_init.o
    0x080009d0   0x0000006c   Code   RO          245    i.IIC_Read_Byte     bsp_iic1_init.o
    0x08000a3c   0x00000068   Code   RO          246    i.IIC_Send_Byte     bsp_iic1_init.o
    0x08000aa4   0x0000004c   Code   RO          247    i.IIC_Start         bsp_iic1_init.o
    0x08000af0   0x0000004c   Code   RO          248    i.IIC_Stop          bsp_iic1_init.o
    0x08000b3c   0x00000060   Code   RO          249    i.IIC_Wait_Ack      bsp_iic1_init.o
    0x08000b9c   0x00000074   Code   RO          390    i.LED_Init          led.o
    0x08000c10   0x00000050   Code   RO          304    i.MPU_Get_Accelerometer  bsp_mpu6050_init.o
    0x08000c60   0x00000050   Code   RO          305    i.MPU_Get_Gyroscope  bsp_mpu6050_init.o
    0x08000cb0   0x00000084   Code   RO          306    i.MPU_Get_Temperature  bsp_mpu6050_init.o
    0x08000d34   0x0000007a   Code   RO          307    i.MPU_Init          bsp_mpu6050_init.o
    0x08000dae   0x0000003a   Code   RO          308    i.MPU_Read_Byte     bsp_mpu6050_init.o
    0x08000de8   0x00000074   Code   RO          309    i.MPU_Read_Len      bsp_mpu6050_init.o
    0x08000e5c   0x00000010   Code   RO          310    i.MPU_Set_Accel_Fsr  bsp_mpu6050_init.o
    0x08000e6c   0x00000010   Code   RO          311    i.MPU_Set_Gyro_Fsr  bsp_mpu6050_init.o
    0x08000e7c   0x0000003a   Code   RO          312    i.MPU_Set_LPF       bsp_mpu6050_init.o
    0x08000eb6   0x0000003a   Code   RO          313    i.MPU_Set_Rate      bsp_mpu6050_init.o
    0x08000ef0   0x00000044   Code   RO          314    i.MPU_Write_Byte    bsp_mpu6050_init.o
    0x08000f34   0x00000060   Code   RO          315    i.MPU_Write_Len     bsp_mpu6050_init.o
    0x08000f94   0x00000004   Code   RO          192    i.MemManage_Handler  stm32f4xx_it.o
    0x08000f98   0x00000002   Code   RO          193    i.NMI_Handler       stm32f4xx_it.o
    0x08000f9a   0x00000002   PAD
    0x08000f9c   0x00000078   Code   RO          454    i.NVIC_Init         misc.o
    0x08001014   0x00000014   Code   RO          455    i.NVIC_PriorityGroupConfig  misc.o
    0x08001028   0x00000020   Code   RO         1304    i.RCC_AHB1PeriphClockCmd  stm32f4xx_rcc.o
    0x08001048   0x00000020   Code   RO         1316    i.RCC_APB2PeriphClockCmd  stm32f4xx_rcc.o
    0x08001068   0x000000e8   Code   RO         1325    i.RCC_GetClocksFreq  stm32f4xx_rcc.o
    0x08001150   0x000000ec   Code   RO          410    i.SetSysClock       system_stm32f4xx.o
    0x0800123c   0x00000028   Code   RO          458    i.SysTick_CLKSourceConfig  misc.o
    0x08001264   0x00000068   Code   RO          412    i.SystemInit        system_stm32f4xx.o
    0x080012cc   0x00000088   Code   RO         2856    i.USART1_IRQHandler  usart.o
    0x08001354   0x00000018   Code   RO         2614    i.USART_Cmd         stm32f4xx_usart.o
    0x0800136c   0x0000001a   Code   RO         2617    i.USART_GetFlagStatus  stm32f4xx_usart.o
    0x08001386   0x00000054   Code   RO         2618    i.USART_GetITStatus  stm32f4xx_usart.o
    0x080013da   0x0000004a   Code   RO         2620    i.USART_ITConfig    stm32f4xx_usart.o
    0x08001424   0x000000d4   Code   RO         2621    i.USART_Init        stm32f4xx_usart.o
    0x080014f8   0x0000000a   Code   RO         2628    i.USART_ReceiveData  stm32f4xx_usart.o
    0x08001502   0x00000008   Code   RO         2631    i.USART_SendData    stm32f4xx_usart.o
    0x0800150a   0x00000004   Code   RO          194    i.UsageFault_Handler  stm32f4xx_it.o
    0x0800150e   0x00000030   Code   RO         3611    i.__ARM_fpclassify  m_wm.l(fpclassify.o)
    0x0800153e   0x00000002   PAD
    0x08001540   0x00000360   Code   RO         3526    i.__hardfp_asin     m_wm.l(asin.o)
    0x080018a0   0x000002d8   Code   RO         3577    i.__hardfp_atan     m_wm.l(atan.o)
    0x08001b78   0x000001f0   Code   RO         3540    i.__hardfp_atan2    m_wm.l(atan2.o)
    0x08001d68   0x000000f8   Code   RO         3613    i.__kernel_poly     m_wm.l(poly.o)
    0x08001e60   0x00000014   Code   RO         3592    i.__mathlib_dbl_infnan  m_wm.l(dunder.o)
    0x08001e74   0x00000014   Code   RO         3593    i.__mathlib_dbl_infnan2  m_wm.l(dunder.o)
    0x08001e88   0x00000020   Code   RO         3594    i.__mathlib_dbl_invalid  m_wm.l(dunder.o)
    0x08001ea8   0x00000020   Code   RO         3597    i.__mathlib_dbl_underflow  m_wm.l(dunder.o)
    0x08001ec8   0x0000000e   Code   RO         3483    i._is_digit         c_w.l(__printf_wp.o)
    0x08001ed6   0x00000004   Code   RO         2857    i._sys_exit         usart.o
    0x08001eda   0x00000002   PAD
    0x08001edc   0x000000c0   Code   RO         2905    i.accel_self_test   inv_mpu.o
    0x08001f9c   0x00000010   Code   RO         3579    i.atan              m_wm.l(atan.o)
    0x08001fac   0x00000064   Code   RO         3244    i.decode_gesture    inv_mpu_dmp_motion_driver.o
    0x08002010   0x0000003c   Code   RO         2798    i.delay_init        delay.o
    0x0800204c   0x00000038   Code   RO         2799    i.delay_ms          delay.o
    0x08002084   0x0000004c   Code   RO         2800    i.delay_us          delay.o
    0x080020d0   0x0000004c   Code   RO         2801    i.delay_xms         delay.o
    0x0800211c   0x0000003c   Code   RO         3245    i.dmp_enable_6x_lp_quat  inv_mpu_dmp_motion_driver.o
    0x08002158   0x0000021c   Code   RO         3246    i.dmp_enable_feature  inv_mpu_dmp_motion_driver.o
    0x08002374   0x00000058   Code   RO         3247    i.dmp_enable_gyro_cal  inv_mpu_dmp_motion_driver.o
    0x080023cc   0x0000003c   Code   RO         3248    i.dmp_enable_lp_quat  inv_mpu_dmp_motion_driver.o
    0x08002408   0x00000018   Code   RO         3253    i.dmp_load_motion_driver_firmware  inv_mpu_dmp_motion_driver.o
    0x08002420   0x000001cc   Code   RO         3254    i.dmp_read_fifo     inv_mpu_dmp_motion_driver.o
    0x080025ec   0x00000130   Code   RO         3257    i.dmp_set_accel_bias  inv_mpu_dmp_motion_driver.o
    0x0800271c   0x00000070   Code   RO         3258    i.dmp_set_fifo_rate  inv_mpu_dmp_motion_driver.o
    0x0800278c   0x00000130   Code   RO         3259    i.dmp_set_gyro_bias  inv_mpu_dmp_motion_driver.o
    0x080028bc   0x00000138   Code   RO         3261    i.dmp_set_orientation  inv_mpu_dmp_motion_driver.o
    0x080029f4   0x00000038   Code   RO         3264    i.dmp_set_shake_reject_thresh  inv_mpu_dmp_motion_driver.o
    0x08002a2c   0x00000026   Code   RO         3265    i.dmp_set_shake_reject_time  inv_mpu_dmp_motion_driver.o
    0x08002a52   0x00000026   Code   RO         3266    i.dmp_set_shake_reject_timeout  inv_mpu_dmp_motion_driver.o
    0x08002a78   0x00000046   Code   RO         3267    i.dmp_set_tap_axes  inv_mpu_dmp_motion_driver.o
    0x08002abe   0x00000026   Code   RO         3268    i.dmp_set_tap_count  inv_mpu_dmp_motion_driver.o
    0x08002ae4   0x000001c0   Code   RO         3269    i.dmp_set_tap_thresh  inv_mpu_dmp_motion_driver.o
    0x08002ca4   0x00000026   Code   RO         3270    i.dmp_set_tap_time  inv_mpu_dmp_motion_driver.o
    0x08002cca   0x00000026   Code   RO         3271    i.dmp_set_tap_time_multi  inv_mpu_dmp_motion_driver.o
    0x08002cf0   0x00000018   Code   RO         3607    i.fabs              m_wm.l(fabs.o)
    0x08002d08   0x0000001c   Code   RO         2858    i.fputc             usart.o
    0x08002d24   0x000000d0   Code   RO         2906    i.get_accel_prod_shift  inv_mpu.o
    0x08002df4   0x00000470   Code   RO         2907    i.get_st_biases     inv_mpu.o
    0x08003264   0x0000011c   Code   RO         2908    i.gyro_self_test    inv_mpu.o
    0x08003380   0x00000028   Code   RO         2909    i.inv_orientation_matrix_to_scalar  inv_mpu.o
    0x080033a8   0x0000004e   Code   RO         2910    i.inv_row_2_scale   inv_mpu.o
    0x080033f6   0x00000002   PAD
    0x080033f8   0x00000188   Code   RO            3    i.main              main.o
    0x08003580   0x00000002   Code   RO         2911    i.mget_ms           inv_mpu.o
    0x08003582   0x0000006e   Code   RO            4    i.mpu6050_send_data  main.o
    0x080035f0   0x00000070   Code   RO         2912    i.mpu_configure_fifo  inv_mpu.o
    0x08003660   0x00000218   Code   RO         2913    i.mpu_dmp_get_data  inv_mpu.o
    0x08003878   0x0000009c   Code   RO         2914    i.mpu_dmp_init      inv_mpu.o
    0x08003914   0x0000004c   Code   RO         2915    i.mpu_get_accel_fsr  inv_mpu.o
    0x08003960   0x00000054   Code   RO         2917    i.mpu_get_accel_sens  inv_mpu.o
    0x080039b4   0x00000010   Code   RO         2922    i.mpu_get_fifo_config  inv_mpu.o
    0x080039c4   0x00000044   Code   RO         2923    i.mpu_get_gyro_fsr  inv_mpu.o
    0x08003a08   0x00000060   Code   RO         2925    i.mpu_get_gyro_sens  inv_mpu.o
    0x08003a68   0x00000050   Code   RO         2927    i.mpu_get_lpf       inv_mpu.o
    0x08003ab8   0x00000020   Code   RO         2929    i.mpu_get_sample_rate  inv_mpu.o
    0x08003ad8   0x000001f0   Code   RO         2931    i.mpu_init          inv_mpu.o
    0x08003cc8   0x000000b8   Code   RO         2932    i.mpu_load_firmware  inv_mpu.o
    0x08003d80   0x000000e0   Code   RO         2933    i.mpu_lp_accel_mode  inv_mpu.o
    0x08003e60   0x000000c0   Code   RO         2936    i.mpu_read_fifo_stream  inv_mpu.o
    0x08003f20   0x00000080   Code   RO         2937    i.mpu_read_mem      inv_mpu.o
    0x08003fa0   0x000001c8   Code   RO         2940    i.mpu_reset_fifo    inv_mpu.o
    0x08004168   0x0000011c   Code   RO         2941    i.mpu_run_self_test  inv_mpu.o
    0x08004284   0x00000084   Code   RO         2943    i.mpu_set_accel_fsr  inv_mpu.o
    0x08004308   0x0000014c   Code   RO         2944    i.mpu_set_bypass    inv_mpu.o
    0x08004454   0x00000090   Code   RO         2946    i.mpu_set_dmp_state  inv_mpu.o
    0x080044e4   0x00000088   Code   RO         2947    i.mpu_set_gyro_fsr  inv_mpu.o
    0x0800456c   0x0000006c   Code   RO         2948    i.mpu_set_int_latched  inv_mpu.o
    0x080045d8   0x00000084   Code   RO         2950    i.mpu_set_lpf       inv_mpu.o
    0x0800465c   0x0000009c   Code   RO         2951    i.mpu_set_sample_rate  inv_mpu.o
    0x080046f8   0x000000d0   Code   RO         2952    i.mpu_set_sensors   inv_mpu.o
    0x080047c8   0x00000080   Code   RO         2953    i.mpu_write_mem     inv_mpu.o
    0x08004848   0x0000009a   Code   RO         2954    i.run_self_test     inv_mpu.o
    0x080048e2   0x00000002   PAD
    0x080048e4   0x00000090   Code   RO         2955    i.set_int_enable    inv_mpu.o
    0x08004974   0x0000006e   Code   RO         3618    i.sqrt              m_wm.l(sqrt.o)
    0x080049e2   0x00000002   PAD
    0x080049e4   0x000000ac   Code   RO         2859    i.uart_init         usart.o
    0x08004a90   0x00000076   Code   RO            5    i.usart1_niming_report  main.o
    0x08004b06   0x000000c0   Code   RO            6    i.usart1_report_imu  main.o
    0x08004bc6   0x00000002   PAD
    0x08004bc8   0x00000020   Code   RO            7    i.usart1_send_char  main.o
    0x08004be8   0x00000018   Code   RO         3566    x$fpl$basic         fz_wm.l(basic.o)
    0x08004c00   0x00000062   Code   RO         3504    x$fpl$d2f           fz_wm.l(d2f.o)
    0x08004c62   0x00000002   PAD
    0x08004c64   0x00000150   Code   RO         3506    x$fpl$dadd          fz_wm.l(daddsub_clz.o)
    0x08004db4   0x000002b0   Code   RO         3513    x$fpl$ddiv          fz_wm.l(ddiv.o)
    0x08005064   0x0000002e   Code   RO         3517    x$fpl$dflt          fz_wm.l(dflt_clz.o)
    0x08005092   0x00000002   PAD
    0x08005094   0x00000154   Code   RO         3522    x$fpl$dmul          fz_wm.l(dmul.o)
    0x080051e8   0x0000009c   Code   RO         3568    x$fpl$dnaninf       fz_wm.l(dnaninf.o)
    0x08005284   0x0000000c   Code   RO         3570    x$fpl$dretinf       fz_wm.l(dretinf.o)
    0x08005290   0x00000016   Code   RO         3507    x$fpl$drsb          fz_wm.l(daddsub_clz.o)
    0x080052a6   0x00000002   PAD
    0x080052a8   0x00000198   Code   RO         3662    x$fpl$dsqrt         fz_wm.l(dsqrt_umaal.o)
    0x08005440   0x000001d4   Code   RO         3508    x$fpl$dsub          fz_wm.l(daddsub_clz.o)
    0x08005614   0x00000056   Code   RO         3524    x$fpl$f2d           fz_wm.l(f2d.o)
    0x0800566a   0x0000008c   Code   RO         3572    x$fpl$fnaninf       fz_wm.l(fnaninf.o)
    0x080056f6   0x0000000a   Code   RO         3749    x$fpl$fpinit        fz_wm.l(fpinit.o)
    0x08005700   0x0000000a   Code   RO         3574    x$fpl$fretinf       fz_wm.l(fretinf.o)
    0x0800570a   0x00000000   Code   RO         3576    x$fpl$usenofp       fz_wm.l(usenofp.o)
    0x0800570a   0x00000002   PAD
    0x0800570c   0x00000050   Data   RO         2957    .constdata          inv_mpu.o
    0x0800575c   0x00000bf6   Data   RO         3273    .constdata          inv_mpu_dmp_motion_driver.o
    0x08006352   0x00000011   Data   RO         3486    .constdata          c_w.l(__printf_flags_wp.o)
    0x08006363   0x00000005   PAD
    0x08006368   0x00000050   Data   RO         3529    .constdata          m_wm.l(asin.o)
    0x080063b8   0x00000098   Data   RO         3580    .constdata          m_wm.l(atan.o)
    0x08006450   0x00000008   Data   RO         3615    .constdata          m_wm.l(qnan.o)
    0x08006458   0x0000004d   Data   RO         2958    .conststring        inv_mpu.o
    0x080064a5   0x00000003   PAD
    0x080064a8   0x00000020   Data   RO         3806    Region$$Table       anon$$obj.o


    Execution Region RW_IRAM1 (Base: 0x20000000, Size: 0x00000790, Max: 0x00020000, ABSOLUTE)

    Base Addr    Size         Type   Attr      Idx    E Section Name        Object

    0x20000000   0x00000010   Data   RW         1357    .data               stm32f4xx_rcc.o
    0x20000010   0x00000004   Data   RW         2802    .data               delay.o
    0x20000014   0x00000006   Data   RW         2861    .data               usart.o
    0x2000001a   0x00000002   PAD
    0x2000001c   0x00000035   Data   RW         2959    .data               inv_mpu.o
    0x20000051   0x00000003   PAD
    0x20000054   0x000000c8   Zero   RW         2860    .bss                usart.o
    0x2000011c   0x00000010   Zero   RW         3272    .bss                inv_mpu_dmp_motion_driver.o
    0x2000012c   0x00000060   Zero   RW         3665    .bss                c_w.l(libspace.o)
    0x2000018c   0x00000004   PAD
    0x20000190   0x00000200   Zero   RW          446    HEAP                startup_stm32f40_41xxx.o
    0x20000390   0x00000400   Zero   RW          445    STACK               startup_stm32f40_41xxx.o


==============================================================================

Image component sizes


      Code (inc. data)   RO Data    RW Data    ZI Data      Debug   Object Name

       692        108          0          0          0       4714   bsp_iic1_init.o
       900         22          0          0          0       8757   bsp_mpu6050_init.o
       268         16          0          4          0       2607   delay.o
      6934        320        157         53          0      32136   inv_mpu.o
      3128        138       3062          0         16      21238   inv_mpu_dmp_motion_driver.o
       116          8          0          0          0        575   led.o
       844         22          0          0          0     266549   main.o
       180         24          0          0          0       2185   misc.o
        64         26        392          0       1536        864   startup_stm32f40_41xxx.o
       218          0          0          0          0       2418   stm32f4xx_gpio.o
        20          0          0          0          0       2977   stm32f4xx_it.o
       296         30          0         16          0       4158   stm32f4xx_rcc.o
       438          8          0          0          0       5637   stm32f4xx_usart.o
       340         32          0          0          0       1613   system_stm32f4xx.o
       340         28          0          6        200       4404   usart.o

    ----------------------------------------------------------------------
     14790        782       3646         84       1752     360832   Object Totals
         0          0         32          0          0          0   (incl. Generated)
        12          0          3          5          0          0   (incl. Padding)

    ----------------------------------------------------------------------

      Code (inc. data)   RO Data    RW Data    ZI Data      Debug   Library Member Name

         8          0          0          0          0         68   __main.o
       312          4         17          0          0         92   __printf_flags_wp.o
        14          0          0          0          0         68   __printf_wp.o
         0          0          0          0          0          0   __rtentry.o
        12          0          0          0          0          0   __rtentry2.o
         6          0          0          0          0          0   __rtentry4.o
        52          8          0          0          0          0   __scatter.o
        26          0          0          0          0          0   __scatter_copy.o
        28          0          0          0          0          0   __scatter_zi.o
        48          6          0          0          0         96   _printf_char_common.o
        36          4          0          0          0         80   _printf_char_file.o
         6          0          0          0          0          0   _printf_d.o
       120         16          0          0          0         92   _printf_dec.o
       178          0          0          0          0         88   _printf_intcommon.o
         0          0          0          0          0          0   _printf_percent.o
         4          0          0          0          0          0   _printf_percent_end.o
        22          0          0          0          0        100   _rserrno.o
        16          0          0          0          0         68   aeabi_memset.o
        12          0          0          0          0         72   exit.o
         8          0          0          0          0         68   ferror.o
         6          0          0          0          0        152   heapauxi.o
         2          0          0          0          0          0   libinit.o
         6          0          0          0          0          0   libinit2.o
         2          0          0          0          0          0   libshutdown.o
         2          0          0          0          0          0   libshutdown2.o
         8          4          0          0         96         68   libspace.o
        72          0          0          0          0         76   llsdiv.o
       238          0          0          0          0        100   lludivv7m.o
        88          0          0          0          0         76   memcmp.o
        24          4          0          0          0         84   noretval__2printf.o
         8          4          0          0          0         68   rt_errno_addr_intlibspace.o
        68          0          0          0          0         68   rt_memclr.o
        78          0          0          0          0         80   rt_memclr_w.o
         2          0          0          0          0          0   rtexit.o
        10          0          0          0          0          0   rtexit2.o
        74          0          0          0          0         80   sys_stackheap_outer.o
         2          0          0          0          0         68   use_no_semi.o
         2          0          0          0          0         68   use_no_semi_2.o
        24          0          0          0          0        164   basic.o
        98          4          0          0          0        140   d2f.o
       826         16          0          0          0        492   daddsub_clz.o
       688        140          0          0          0        256   ddiv.o
        46          0          0          0          0        116   dflt_clz.o
       340         12          0          0          0        152   dmul.o
       156          4          0          0          0        140   dnaninf.o
        12          0          0          0          0        116   dretinf.o
       408         56          0          0          0        168   dsqrt_umaal.o
        86          4          0          0          0        132   f2d.o
       140          4          0          0          0        132   fnaninf.o
        10          0          0          0          0        116   fpinit.o
        10          0          0          0          0        116   fretinf.o
         0          0          0          0          0          0   usenofp.o
       864         94         80          0          0        280   asin.o
       744        106        152          0          0        352   atan.o
       496         64          0          0          0        192   atan2.o
       104         16          0          0          0        496   dunder.o
        24          0          0          0          0        124   fabs.o
        48          0          0          0          0        124   fpclassify.o
       248          0          0          0          0        152   poly.o
         0          0          8          0          0          0   qnan.o
       110          0          0          0          0        148   sqrt.o

    ----------------------------------------------------------------------
      7102        570        262          0        100       5988   Library Totals
        20          0          5          0          4          0   (incl. Padding)

    ----------------------------------------------------------------------

      Code (inc. data)   RO Data    RW Data    ZI Data      Debug   Library Name

      1600         50         17          0         96       1880   c_w.l
      2844        240          0          0          0       2240   fz_wm.l
      2638        280        240          0          0       1868   m_wm.l

    ----------------------------------------------------------------------
      7102        570        262          0        100       5988   Library Totals

    ----------------------------------------------------------------------

==============================================================================


      Code (inc. data)   RO Data    RW Data    ZI Data      Debug   

     21892       1352       3908         84       1852     352732   Grand Totals
     21892       1352       3908         84       1852     352732   ELF Image Totals
     21892       1352       3908         84          0          0   ROM Totals

==============================================================================

    Total RO  Size (Code + RO Data)                25800 (  25.20kB)
    Total RW  Size (RW Data + ZI Data)              1936 (   1.89kB)
    Total ROM Size (Code + RO Data + RW Data)      25884 (  25.28kB)

==============================================================================

